<html>
<body>
<pre>
<h1>µVision Build Log</h1>
<h2>Tool Versions:</h2>
IDE-Version: ¦ÌVision V5.30.0.0
Copyright (C) 2020 ARM Ltd and ARM Germany GmbH. All rights reserved.
License Information: ROG Yth, ROG, LIC=JL28G-VUF39-Y8EFK-Z4N02-84HUH-24S8Q
 
Tool Versions:
Toolchain:       MDK-ARM Plus  Version: 5.30.0.0
Toolchain Path:  D:\32\MDK5\ARM\ARMCC\Bin
C Compiler:      Armcc.exe V5.06 update 6 (build 750)
Assembler:       Armasm.exe V5.06 update 6 (build 750)
Linker/Locator:  ArmLink.exe V5.06 update 6 (build 750)
Library Manager: ArmAr.exe V5.06 update 6 (build 750)
Hex Converter:   FromElf.exe V5.06 update 6 (build 750)
CPU DLL:         SARMCM3.DLL V5.30.0.0
Dialog DLL:      DCM.DLL V1.17.3.0
Target DLL:      CMSIS_AGDI.dll V1.32.5.0
Dialog DLL:      TCM.DLL V1.42.0.0
 
<h2>Project:</h2>
D:\word\GraduationDesign\F4Ð¡³µ\USER\Car.uvprojx
Project File Date:  09/10/2022

<h2>Output:</h2>
*** Using Compiler 'V5.06 update 6 (build 750)', folder: 'D:\32\MDK5\ARM\ARMCC\Bin'
Build target 'Car'
compiling prepare.c...
..\HARDWARE\TIMER\timer.h(9): warning:  #1-D: last line of file ends without a newline
  #endif
..\HARDWARE\COMMUNICATION\communication.h(10): warning:  #1-D: last line of file ends without a newline
  #endif
..\HARDWARE\CONTROL\control.h(9): warning:  #1-D: last line of file ends without a newline
  #endif
..\HARDWARE\PREPARE\prepare.h(12): warning:  #1-D: last line of file ends without a newline
  #endif
..\HARDWARE\PREPARE\prepare.c(15): warning:  #1-D: last line of file ends without a newline
  }
..\HARDWARE\PREPARE\prepare.c: 5 warnings, 0 errors
compiling control.c...
..\HARDWARE\CONTROL\control.h(9): warning:  #1-D: last line of file ends without a newline
  #endif
..\HARDWARE\CONTROL\control.c(6): warning:  #550-D: variable "RY"  was set but never used
  	short RX,RY,LX,LY;
..\HARDWARE\CONTROL\control.c(6): warning:  #550-D: variable "LX"  was set but never used
  	short RX,RY,LX,LY;
..\HARDWARE\CONTROL\control.c: 3 warnings, 0 errors
compiling communication.c...
..\HARDWARE\COMMUNICATION\communication.h(10): warning:  #1-D: last line of file ends without a newline
  #endif
..\HARDWARE\COMMUNICATION\communication.c(49): warning:  #1-D: last line of file ends without a newline
  } 
..\HARDWARE\COMMUNICATION\communication.c: 2 warnings, 0 errors
compiling motor.c...
..\HARDWARE\MOTOR\motor.c(213): warning:  #1-D: last line of file ends without a newline
  }
..\HARDWARE\MOTOR\motor.c: 1 warning, 0 errors
compiling main.c...
..\HARDWARE\TIMER\timer.h(9): warning:  #1-D: last line of file ends without a newline
  #endif
..\HARDWARE\COMMUNICATION\communication.h(10): warning:  #1-D: last line of file ends without a newline
  #endif
..\HARDWARE\CONTROL\control.h(9): warning:  #1-D: last line of file ends without a newline
  #endif
..\HARDWARE\PREPARE\prepare.h(12): warning:  #1-D: last line of file ends without a newline
  #endif
main.c: 4 warnings, 0 errors
compiling timer.c...
..\HARDWARE\TIMER\timer.h(9): warning:  #1-D: last line of file ends without a newline
  #endif
..\HARDWARE\TIMER\timer.c(36): warning:  #1-D: last line of file ends without a newline
  }
..\HARDWARE\TIMER\timer.c: 2 warnings, 0 errors
linking...
Program Size: Code=35608 RO-data=6532 RW-data=304 ZI-data=1720  
FromELF: creating hex file...
"..\OBJ\Template.axf" - 0 Error(s), 17 Warning(s).

<h2>Software Packages used:</h2>

Package Vendor: Keil
                http://www.keil.com/pack/Keil.STM32F4xx_DFP.2.15.0.pack
                Keil.STM32F4xx_DFP.2.15.0
                STMicroelectronics STM32F4 Series Device Support, Drivers and Examples

<h2>Collection of Component include folders:</h2>
  .\RTE\_Car
  D:\32\MDK5\Keil\STM32F4xx_DFP\2.15.0\Drivers\CMSIS\Device\ST\STM32F4xx\Include

<h2>Collection of Component Files used:</h2>
Build Time Elapsed:  00:00:02
</pre>
</body>
</html>
