Component: ARM Compiler 5.06 update 6 (build 750) Tool: armlink [4d35ed]

==============================================================================

Section Cross References

    main.o(.text) refers to prepare.o(.text) for Initialization
    main.o(.text) refers to motor.o(.text) for Run_Spend
    main.o(.text) refers to communication.o(.text) for RPI_Send
    main.o(.text) refers to control.o(.text) for Remote_control
    main.o(.text) refers to lcd.o(.text) for LCD_ShowNum
    main.o(.text) refers to delay.o(.text) for delay_ms
    main.o(.text) refers to motor.o(.data) for wheel3_pid
    system_stm32f4xx.o(.text) refers to system_stm32f4xx.o(.data) for SystemCoreClock
    startup_stm32f40_41xxx.o(STACK) refers (Special) to heapauxi.o(.text) for __use_two_region_memory
    startup_stm32f40_41xxx.o(HEAP) refers (Special) to heapauxi.o(.text) for __use_two_region_memory
    startup_stm32f40_41xxx.o(RESET) refers (Special) to heapauxi.o(.text) for __use_two_region_memory
    startup_stm32f40_41xxx.o(RESET) refers to startup_stm32f40_41xxx.o(STACK) for __initial_sp
    startup_stm32f40_41xxx.o(RESET) refers to startup_stm32f40_41xxx.o(.text) for Reset_Handler
    startup_stm32f40_41xxx.o(RESET) refers to stm32f4xx_it.o(.text) for NMI_Handler
    startup_stm32f40_41xxx.o(RESET) refers to communication.o(.text) for USART1_IRQHandler
    startup_stm32f40_41xxx.o(RESET) refers to timer.o(.text) for TIM7_IRQHandler
    startup_stm32f40_41xxx.o(.text) refers (Special) to heapauxi.o(.text) for __use_two_region_memory
    startup_stm32f40_41xxx.o(.text) refers to system_stm32f4xx.o(.text) for SystemInit
    startup_stm32f40_41xxx.o(.text) refers to __main.o(!!!main) for __main
    startup_stm32f40_41xxx.o(.text) refers to startup_stm32f40_41xxx.o(HEAP) for Heap_Mem
    startup_stm32f40_41xxx.o(.text) refers to startup_stm32f40_41xxx.o(STACK) for Stack_Mem
    stm32f4xx_adc.o(.text) refers to stm32f4xx_rcc.o(.text) for RCC_APB2PeriphResetCmd
    stm32f4xx_can.o(.text) refers to stm32f4xx_rcc.o(.text) for RCC_APB1PeriphResetCmd
    stm32f4xx_cryp.o(.text) refers to stm32f4xx_rcc.o(.text) for RCC_AHB2PeriphResetCmd
    stm32f4xx_cryp_aes.o(.text) refers to stm32f4xx_cryp.o(.text) for CRYP_KeyStructInit
    stm32f4xx_cryp_des.o(.text) refers to stm32f4xx_cryp.o(.text) for CRYP_KeyStructInit
    stm32f4xx_cryp_tdes.o(.text) refers to stm32f4xx_cryp.o(.text) for CRYP_KeyStructInit
    stm32f4xx_dac.o(.text) refers to stm32f4xx_rcc.o(.text) for RCC_APB1PeriphResetCmd
    stm32f4xx_dma2d.o(.text) refers to stm32f4xx_rcc.o(.text) for RCC_AHB1PeriphResetCmd
    stm32f4xx_fsmc.o(.text) refers to stm32f4xx_fsmc.o(.constdata) for FSMC_DefaultTimingStruct
    stm32f4xx_gpio.o(.text) refers to stm32f4xx_rcc.o(.text) for RCC_AHB1PeriphResetCmd
    stm32f4xx_hash.o(.text) refers to stm32f4xx_rcc.o(.text) for RCC_AHB2PeriphResetCmd
    stm32f4xx_hash_md5.o(.text) refers to stm32f4xx_hash.o(.text) for HASH_DeInit
    stm32f4xx_hash_sha1.o(.text) refers to stm32f4xx_hash.o(.text) for HASH_DeInit
    stm32f4xx_i2c.o(.text) refers to stm32f4xx_rcc.o(.text) for RCC_APB1PeriphResetCmd
    stm32f4xx_ltdc.o(.text) refers to stm32f4xx_rcc.o(.text) for RCC_APB2PeriphResetCmd
    stm32f4xx_pwr.o(.text) refers to stm32f4xx_rcc.o(.text) for RCC_APB1PeriphResetCmd
    stm32f4xx_rcc.o(.text) refers to stm32f4xx_rcc.o(.data) for APBAHBPrescTable
    stm32f4xx_rng.o(.text) refers to stm32f4xx_rcc.o(.text) for RCC_AHB2PeriphResetCmd
    stm32f4xx_sai.o(.text) refers to stm32f4xx_rcc.o(.text) for RCC_APB2PeriphResetCmd
    stm32f4xx_sdio.o(.text) refers to stm32f4xx_rcc.o(.text) for RCC_APB2PeriphResetCmd
    stm32f4xx_spi.o(.text) refers to stm32f4xx_rcc.o(.text) for RCC_APB2PeriphResetCmd
    stm32f4xx_syscfg.o(.text) refers to stm32f4xx_rcc.o(.text) for RCC_APB2PeriphResetCmd
    stm32f4xx_tim.o(.text) refers to stm32f4xx_rcc.o(.text) for RCC_APB2PeriphResetCmd
    stm32f4xx_usart.o(.text) refers to stm32f4xx_rcc.o(.text) for RCC_APB2PeriphResetCmd
    stm32f4xx_wwdg.o(.text) refers to stm32f4xx_rcc.o(.text) for RCC_APB1PeriphResetCmd
    delay.o(.text) refers to misc.o(.text) for SysTick_CLKSourceConfig
    delay.o(.text) refers to delay.o(.data) for fac_us
    usart.o(.text) refers to stm32f4xx_rcc.o(.text) for RCC_AHB1PeriphClockCmd
    usart.o(.text) refers to stm32f4xx_gpio.o(.text) for GPIO_PinAFConfig
    usart.o(.text) refers to stm32f4xx_usart.o(.text) for USART_Init
    usart.o(.text) refers to misc.o(.text) for NVIC_Init
    encoder.o(.text) refers to stm32f4xx_rcc.o(.text) for RCC_APB2PeriphClockCmd
    encoder.o(.text) refers to stm32f4xx_gpio.o(.text) for GPIO_PinAFConfig
    encoder.o(.text) refers to stm32f4xx_tim.o(.text) for TIM_TimeBaseInit
    prepare.o(.text) refers to misc.o(.text) for NVIC_PriorityGroupConfig
    prepare.o(.text) refers to delay.o(.text) for delay_init
    prepare.o(.text) refers to led.o(.text) for LED_Init
[...]
    ..\FWLIB\src\stm32f4xx_flash.c           0x00000000   Number         0  stm32f4xx_flash.o ABSOLUTE
    ..\FWLIB\src\stm32f4xx_flash_ramfunc.c   0x00000000   Number         0  stm32f4xx_flash_ramfunc.o ABSOLUTE
    ..\FWLIB\src\stm32f4xx_fsmc.c            0x00000000   Number         0  stm32f4xx_fsmc.o ABSOLUTE
    ..\FWLIB\src\stm32f4xx_gpio.c            0x00000000   Number         0  stm32f4xx_gpio.o ABSOLUTE
    ..\FWLIB\src\stm32f4xx_hash.c            0x00000000   Number         0  stm32f4xx_hash.o ABSOLUTE
    ..\FWLIB\src\stm32f4xx_hash_md5.c        0x00000000   Number         0  stm32f4xx_hash_md5.o ABSOLUTE
    ..\FWLIB\src\stm32f4xx_hash_sha1.c       0x00000000   Number         0  stm32f4xx_hash_sha1.o ABSOLUTE
    ..\FWLIB\src\stm32f4xx_i2c.c             0x00000000   Number         0  stm32f4xx_i2c.o ABSOLUTE
    ..\FWLIB\src\stm32f4xx_iwdg.c            0x00000000   Number         0  stm32f4xx_iwdg.o ABSOLUTE
    ..\FWLIB\src\stm32f4xx_ltdc.c            0x00000000   Number         0  stm32f4xx_ltdc.o ABSOLUTE
    ..\FWLIB\src\stm32f4xx_pwr.c             0x00000000   Number         0  stm32f4xx_pwr.o ABSOLUTE
    ..\FWLIB\src\stm32f4xx_rcc.c             0x00000000   Number         0  stm32f4xx_rcc.o ABSOLUTE
    ..\FWLIB\src\stm32f4xx_rng.c             0x00000000   Number         0  stm32f4xx_rng.o ABSOLUTE
    ..\FWLIB\src\stm32f4xx_rtc.c             0x00000000   Number         0  stm32f4xx_rtc.o ABSOLUTE
    ..\FWLIB\src\stm32f4xx_sai.c             0x00000000   Number         0  stm32f4xx_sai.o ABSOLUTE
    ..\FWLIB\src\stm32f4xx_sdio.c            0x00000000   Number         0  stm32f4xx_sdio.o ABSOLUTE
    ..\FWLIB\src\stm32f4xx_spi.c             0x00000000   Number         0  stm32f4xx_spi.o ABSOLUTE
    ..\FWLIB\src\stm32f4xx_syscfg.c          0x00000000   Number         0  stm32f4xx_syscfg.o ABSOLUTE
    ..\FWLIB\src\stm32f4xx_tim.c             0x00000000   Number         0  stm32f4xx_tim.o ABSOLUTE
    ..\FWLIB\src\stm32f4xx_usart.c           0x00000000   Number         0  stm32f4xx_usart.o ABSOLUTE
    ..\FWLIB\src\stm32f4xx_wwdg.c            0x00000000   Number         0  stm32f4xx_wwdg.o ABSOLUTE
    ..\HARDWARE\COMMUNICATION\communication.c 0x00000000   Number         0  communication.o ABSOLUTE
    ..\HARDWARE\CONTROL\control.c            0x00000000   Number         0  control.o ABSOLUTE
    ..\HARDWARE\ENCODER\encoder.c            0x00000000   Number         0  encoder.o ABSOLUTE
    ..\HARDWARE\KEY\key.c                    0x00000000   Number         0  key.o ABSOLUTE
    ..\HARDWARE\LCD\lcd.c                    0x00000000   Number         0  lcd.o ABSOLUTE
    ..\HARDWARE\LED\led.c                    0x00000000   Number         0  led.o ABSOLUTE
    ..\HARDWARE\MOTOR\motor.c                0x00000000   Number         0  motor.o ABSOLUTE
    ..\HARDWARE\PID\pid.c                    0x00000000   Number         0  pid.o ABSOLUTE
    ..\HARDWARE\PREPARE\prepare.c            0x00000000   Number         0  prepare.o ABSOLUTE
    ..\HARDWARE\PStwo\pstwo.c                0x00000000   Number         0  pstwo.o ABSOLUTE
    ..\HARDWARE\TIMER\timer.c                0x00000000   Number         0  timer.o ABSOLUTE
    ..\SYSTEM\delay\delay.c                  0x00000000   Number         0  delay.o ABSOLUTE
    ..\SYSTEM\sys\sys.c                      0x00000000   Number         0  sys.o ABSOLUTE
    ..\SYSTEM\usart\usart.c                  0x00000000   Number         0  usart.o ABSOLUTE
    ..\\FWLIB\\src\\misc.c                   0x00000000   Number         0  misc.o ABSOLUTE
    ..\\FWLIB\\src\\stm32f4xx_adc.c          0x00000000   Number         0  stm32f4xx_adc.o ABSOLUTE
    ..\\FWLIB\\src\\stm32f4xx_can.c          0x00000000   Number         0  stm32f4xx_can.o ABSOLUTE
    ..\\FWLIB\\src\\stm32f4xx_crc.c          0x00000000   Number         0  stm32f4xx_crc.o ABSOLUTE
    ..\\FWLIB\\src\\stm32f4xx_cryp.c         0x00000000   Number         0  stm32f4xx_cryp.o ABSOLUTE
    ..\\FWLIB\\src\\stm32f4xx_cryp_aes.c     0x00000000   Number         0  stm32f4xx_cryp_aes.o ABSOLUTE
    ..\\FWLIB\\src\\stm32f4xx_cryp_des.c     0x00000000   Number         0  stm32f4xx_cryp_des.o ABSOLUTE
    ..\\FWLIB\\src\\stm32f4xx_cryp_tdes.c    0x00000000   Number         0  stm32f4xx_cryp_tdes.o ABSOLUTE
    ..\\FWLIB\\src\\stm32f4xx_dac.c          0x00000000   Number         0  stm32f4xx_dac.o ABSOLUTE
    ..\\FWLIB\\src\\stm32f4xx_dbgmcu.c       0x00000000   Number         0  stm32f4xx_dbgmcu.o ABSOLUTE
    ..\\FWLIB\\src\\stm32f4xx_dcmi.c         0x00000000   Number         0  stm32f4xx_dcmi.o ABSOLUTE
    ..\\FWLIB\\src\\stm32f4xx_dma.c          0x00000000   Number         0  stm32f4xx_dma.o ABSOLUTE
    ..\\FWLIB\\src\\stm32f4xx_dma2d.c        0x00000000   Number         0  stm32f4xx_dma2d.o ABSOLUTE
    ..\\FWLIB\\src\\stm32f4xx_exti.c         0x00000000   Number         0  stm32f4xx_exti.o ABSOLUTE
    ..\\FWLIB\\src\\stm32f4xx_flash.c        0x00000000   Number         0  stm32f4xx_flash.o ABSOLUTE
    ..\\FWLIB\\src\\stm32f4xx_flash_ramfunc.c 0x00000000   Number         0  stm32f4xx_flash_ramfunc.o ABSOLUTE
    ..\\FWLIB\\src\\stm32f4xx_fsmc.c         0x00000000   Number         0  stm32f4xx_fsmc.o ABSOLUTE
    ..\\FWLIB\\src\\stm32f4xx_gpio.c         0x00000000   Number         0  stm32f4xx_gpio.o ABSOLUTE
    ..\\FWLIB\\src\\stm32f4xx_hash.c         0x00000000   Number         0  stm32f4xx_hash.o ABSOLUTE
    ..\\FWLIB\\src\\stm32f4xx_hash_md5.c     0x00000000   Number         0  stm32f4xx_hash_md5.o ABSOLUTE
    ..\\FWLIB\\src\\stm32f4xx_hash_sha1.c    0x00000000   Number         0  stm32f4xx_hash_sha1.o ABSOLUTE
    ..\\FWLIB\\src\\stm32f4xx_i2c.c          0x00000000   Number         0  stm32f4xx_i2c.o ABSOLUTE
    ..\\FWLIB\\src\\stm32f4xx_iwdg.c         0x00000000   Number         0  stm32f4xx_iwdg.o ABSOLUTE
    ..\\FWLIB\\src\\stm32f4xx_ltdc.c         0x00000000   Number         0  stm32f4xx_ltdc.o ABSOLUTE
    ..\\FWLIB\\src\\stm32f4xx_pwr.c          0x00000000   Number         0  stm32f4xx_pwr.o ABSOLUTE
    ..\\FWLIB\\src\\stm32f4xx_rcc.c          0x00000000   Number         0  stm32f4xx_rcc.o ABSOLUTE
    ..\\FWLIB\\src\\stm32f4xx_rng.c          0x00000000   Number         0  stm32f4xx_rng.o ABSOLUTE
    ..\\FWLIB\\src\\stm32f4xx_rtc.c          0x00000000   Number         0  stm32f4xx_rtc.o ABSOLUTE
    ..\\FWLIB\\src\\stm32f4xx_sai.c          0x00000000   Number         0  stm32f4xx_sai.o ABSOLUTE
    ..\\FWLIB\\src\\stm32f4xx_sdio.c         0x00000000   Number         0  stm32f4xx_sdio.o ABSOLUTE
    ..\\FWLIB\\src\\stm32f4xx_spi.c          0x00000000   Number         0  stm32f4xx_spi.o ABSOLUTE
    ..\\FWLIB\\src\\stm32f4xx_syscfg.c       0x00000000   Number         0  stm32f4xx_syscfg.o ABSOLUTE
    ..\\FWLIB\\src\\stm32f4xx_tim.c          0x00000000   Number         0  stm32f4xx_tim.o ABSOLUTE
    ..\\FWLIB\\src\\stm32f4xx_usart.c        0x00000000   Number         0  stm32f4xx_usart.o ABSOLUTE
    ..\\FWLIB\\src\\stm32f4xx_wwdg.c         0x00000000   Number         0  stm32f4xx_wwdg.o ABSOLUTE
    ..\\HARDWARE\\COMMUNICATION\\communication.c 0x00000000   Number         0  communication.o ABSOLUTE
    ..\\HARDWARE\\CONTROL\\control.c         0x00000000   Number         0  control.o ABSOLUTE
    ..\\HARDWARE\\ENCODER\\encoder.c         0x00000000   Number         0  encoder.o ABSOLUTE
    ..\\HARDWARE\\KEY\\key.c                 0x00000000   Number         0  key.o ABSOLUTE
    ..\\HARDWARE\\LCD\\lcd.c                 0x00000000   Number         0  lcd.o ABSOLUTE
    ..\\HARDWARE\\LED\\led.c                 0x00000000   Number         0  led.o ABSOLUTE
    ..\\HARDWARE\\MOTOR\\motor.c             0x00000000   Number         0  motor.o ABSOLUTE
    ..\\HARDWARE\\PID\\pid.c                 0x00000000   Number         0  pid.o ABSOLUTE
    ..\\HARDWARE\\PREPARE\\prepare.c         0x00000000   Number         0  prepare.o ABSOLUTE
    ..\\HARDWARE\\PStwo\\pstwo.c             0x00000000   Number         0  pstwo.o ABSOLUTE
    ..\\HARDWARE\\TIMER\\timer.c             0x00000000   Number         0  timer.o ABSOLUTE
    ..\\SYSTEM\\delay\\delay.c               0x00000000   Number         0  delay.o ABSOLUTE
    ..\\SYSTEM\\sys\\sys.c                   0x00000000   Number         0  sys.o ABSOLUTE
    ..\\SYSTEM\\usart\\usart.c               0x00000000   Number         0  usart.o ABSOLUTE
    dc.s                                     0x00000000   Number         0  dc.o ABSOLUTE
    main.c                                   0x00000000   Number         0  main.o ABSOLUTE
    main.c                                   0x00000000   Number         0  main.o ABSOLUTE
    stm32f4xx_it.c                           0x00000000   Number         0  stm32f4xx_it.o ABSOLUTE
    stm32f4xx_it.c                           0x00000000   Number         0  stm32f4xx_it.o ABSOLUTE
    system_stm32f4xx.c                       0x00000000   Number         0  system_stm32f4xx.o ABSOLUTE
    system_stm32f4xx.c                       0x00000000   Number         0  system_stm32f4xx.o ABSOLUTE
    RESET                                    0x08000000   Section      392  startup_stm32f40_41xxx.o(RESET)
    !!!main                                  0x08000188   Section        8  __main.o(!!!main)
    !!!scatter                               0x08000190   Section       52  __scatter.o(!!!scatter)
    !!dczerorl2                              0x080001c4   Section       90  __dczerorl2.o(!!dczerorl2)
    !!handler_zi                             0x08000220   Section       28  __scatter_zi.o(!!handler_zi)
    .ARM.Collect$$libinit$$00000000          0x0800023c   Section        2  libinit.o(.ARM.Collect$$libinit$$00000000)
    .ARM.Collect$$libinit$$00000001          0x0800023e   Section        4  libinit2.o(.ARM.Collect$$libinit$$00000001)
    .ARM.Collect$$libinit$$00000004          0x08000242   Section        0  libinit2.o(.ARM.Collect$$libinit$$00000004)
    .ARM.Collect$$libinit$$0000000A          0x08000242   Section        0  libinit2.o(.ARM.Collect$$libinit$$0000000A)
    .ARM.Collect$$libinit$$0000000C          0x08000242   Section        0  libinit2.o(.ARM.Collect$$libinit$$0000000C)
    .ARM.Collect$$libinit$$0000000E          0x08000242   Section        0  libinit2.o(.ARM.Collect$$libinit$$0000000E)
    .ARM.Collect$$libinit$$00000011          0x08000242   Section        0  libinit2.o(.ARM.Collect$$libinit$$00000011)
    .ARM.Collect$$libinit$$00000013          0x08000242   Section        0  libinit2.o(.ARM.Collect$$libinit$$00000013)
    .ARM.Collect$$libinit$$00000015          0x08000242   Section        0  libinit2.o(.ARM.Collect$$libinit$$00000015)
    .ARM.Collect$$libinit$$00000017          0x08000242   Section        0  libinit2.o(.ARM.Collect$$libinit$$00000017)
    .ARM.Collect$$libinit$$00000019          0x08000242   Section        0  libinit2.o(.ARM.Collect$$libinit$$00000019)
    .ARM.Collect$$libinit$$0000001B          0x08000242   Section        0  libinit2.o(.ARM.Collect$$libinit$$0000001B)
    .ARM.Collect$$libinit$$0000001D          0x08000242   Section        0  libinit2.o(.ARM.Collect$$libinit$$0000001D)
    .ARM.Collect$$libinit$$0000001F          0x08000242   Section        0  libinit2.o(.ARM.Collect$$libinit$$0000001F)
    .ARM.Collect$$libinit$$00000021          0x08000242   Section        0  libinit2.o(.ARM.Collect$$libinit$$00000021)
    .ARM.Collect$$libinit$$00000023          0x08000242   Section        0  libinit2.o(.ARM.Collect$$libinit$$00000023)
    .ARM.Collect$$libinit$$00000025          0x08000242   Section        0  libinit2.o(.ARM.Collect$$libinit$$00000025)
    .ARM.Collect$$libinit$$0000002C          0x08000242   Section        0  libinit2.o(.ARM.Collect$$libinit$$0000002C)
    .ARM.Collect$$libinit$$0000002E          0x08000242   Section        0  libinit2.o(.ARM.Collect$$libinit$$0000002E)
    .ARM.Collect$$libinit$$00000030          0x08000242   Section        0  libinit2.o(.ARM.Collect$$libinit$$00000030)
    .ARM.Collect$$libinit$$00000032          0x08000242   Section        0  libinit2.o(.ARM.Collect$$libinit$$00000032)
    .ARM.Collect$$libinit$$00000033          0x08000242   Section        2  libinit2.o(.ARM.Collect$$libinit$$00000033)
    .ARM.Collect$$libshutdown$$00000000      0x08000244   Section        2  libshutdown.o(.ARM.Collect$$libshutdown$$00000000)
    .ARM.Collect$$libshutdown$$00000002      0x08000246   Section        0  libshutdown2.o(.ARM.Collect$$libshutdown$$00000002)
    .ARM.Collect$$libshutdown$$00000004      0x08000246   Section        0  libshutdown2.o(.ARM.Collect$$libshutdown$$00000004)
    .ARM.Collect$$libshutdown$$00000007      0x08000246   Section        0  libshutdown2.o(.ARM.Collect$$libshutdown$$00000007)
    .ARM.Collect$$libshutdown$$0000000A      0x08000246   Section        0  libshutdown2.o(.ARM.Collect$$libshutdown$$0000000A)
    .ARM.Collect$$libshutdown$$0000000C      0x08000246   Section        0  libshutdown2.o(.ARM.Collect$$libshutdown$$0000000C)
    .ARM.Collect$$libshutdown$$0000000F      0x08000246   Section        0  libshutdown2.o(.ARM.Collect$$libshutdown$$0000000F)
    .ARM.Collect$$libshutdown$$00000010      0x08000246   Section        2  libshutdown2.o(.ARM.Collect$$libshutdown$$00000010)
    .ARM.Collect$$rtentry$$00000000          0x08000248   Section        0  __rtentry.o(.ARM.Collect$$rtentry$$00000000)
    .ARM.Collect$$rtentry$$00000002          0x08000248   Section        0  __rtentry2.o(.ARM.Collect$$rtentry$$00000002)
    .ARM.Collect$$rtentry$$00000004          0x08000248   Section        6  __rtentry4.o(.ARM.Collect$$rtentry$$00000004)
    .ARM.Collect$$rtentry$$00000009          0x0800024e   Section        0  __rtentry2.o(.ARM.Collect$$rtentry$$00000009)
    .ARM.Collect$$rtentry$$0000000A          0x0800024e   Section        4  __rtentry2.o(.ARM.Collect$$rtentry$$0000000A)
    .ARM.Collect$$rtentry$$0000000C          0x08000252   Section        0  __rtentry2.o(.ARM.Collect$$rtentry$$0000000C)
    .ARM.Collect$$rtentry$$0000000D          0x08000252   Section        8  __rtentry2.o(.ARM.Collect$$rtentry$$0000000D)
    .ARM.Collect$$rtexit$$00000000           0x0800025a   Section        2  rtexit.o(.ARM.Collect$$rtexit$$00000000)
    .ARM.Collect$$rtexit$$00000002           0x0800025c   Section        0  rtexit2.o(.ARM.Collect$$rtexit$$00000002)
    .ARM.Collect$$rtexit$$00000003           0x0800025c   Section        4  rtexit2.o(.ARM.Collect$$rtexit$$00000003)
    .ARM.Collect$$rtexit$$00000004           0x08000260   Section        6  rtexit2.o(.ARM.Collect$$rtexit$$00000004)
    .text                                    0x08000268   Section        0  main.o(.text)
    .text                                    0x080002c8   Section        0  stm32f4xx_it.o(.text)
    .text                                    0x080002e4   Section        0  system_stm32f4xx.o(.text)
    SetSysClock                              0x080002e5   Thumb Code   220  system_stm32f4xx.o(.text)
    .text                                    0x080004f4   Section       64  startup_stm32f40_41xxx.o(.text)
    $v0                                      0x080004f4   Number         0  startup_stm32f40_41xxx.o(.text)
    .text                                    0x08000534   Section        0  misc.o(.text)
    .text                                    0x08000614   Section        0  stm32f4xx_fsmc.o(.text)
    .text                                    0x08000bdc   Section        0  stm32f4xx_gpio.o(.text)
    .text                                    0x08000e70   Section        0  stm32f4xx_rcc.o(.text)
    .text                                    0x080014cc   Section        0  stm32f4xx_tim.o(.text)
    TI4_Config                               0x08001c6b   Thumb Code    80  stm32f4xx_tim.o(.text)
    TI3_Config                               0x08001ccd   Thumb Code    72  stm32f4xx_tim.o(.text)
    TI2_Config                               0x08001d2f   Thumb Code    90  stm32f4xx_tim.o(.text)
    TI1_Config                               0x08001d9b   Thumb Code    58  stm32f4xx_tim.o(.text)
    .text                                    0x08002170   Section        0  stm32f4xx_usart.o(.text)
    .text                                    0x080025c4   Section        0  delay.o(.text)
    .text                                    0x080026c8   Section        0  usart.o(.text)
    .text                                    0x080027ac   Section        0  encoder.o(.text)
    .text                                    0x08002b0c   Section        0  prepare.o(.text)
    .text                                    0x08002b4c   Section        0  led.o(.text)
    .text                                    0x08002b8c   Section        0  lcd.o(.text)
    .text                                    0x080077f0   Section        0  pid.o(.text)
    .text                                    0x080078ac   Section        0  pstwo.o(.text)
    .text                                    0x08007a60   Section        0  motor.o(.text)
    .text                                    0x0800805c   Section        0  communication.o(.text)
    .text                                    0x0800813c   Section        0  timer.o(.text)
    .text                                    0x080081b4   Section        0  control.o(.text)
    .text                                    0x08008324   Section        0  heapauxi.o(.text)
    .text                                    0x0800832a   Section       74  sys_stackheap_outer.o(.text)
    .text                                    0x08008374   Section        0  exit.o(.text)
    .text                                    0x08008388   Section        8  libspace.o(.text)
    x$fpl$basic                              0x08008390   Section       24  basic.o(x$fpl$basic)
    $v0                                      0x08008390   Number         0  basic.o(x$fpl$basic)
    x$fpl$d2f                                0x080083a8   Section       98  d2f.o(x$fpl$d2f)
    $v0                                      0x080083a8   Number         0  d2f.o(x$fpl$d2f)
    x$fpl$dadd                               0x0800840c   Section      336  daddsub_clz.o(x$fpl$dadd)
    $v0                                      0x0800840c   Number         0  daddsub_clz.o(x$fpl$dadd)
    _dadd1                                   0x0800841d   Thumb Code     0  daddsub_clz.o(x$fpl$dadd)
    x$fpl$ddiv                               0x0800855c   Section      688  ddiv.o(x$fpl$ddiv)
    $v0                                      0x0800855c   Number         0  ddiv.o(x$fpl$ddiv)
    ddiv_entry                               0x08008563   Thumb Code     0  ddiv.o(x$fpl$ddiv)
    x$fpl$dfixu                              0x0800880c   Section       90  dfixu.o(x$fpl$dfixu)
    $v0                                      0x0800880c   Number         0  dfixu.o(x$fpl$dfixu)
    x$fpl$dflt                               0x08008866   Section       46  dflt_clz.o(x$fpl$dflt)
    $v0                                      0x08008866   Number         0  dflt_clz.o(x$fpl$dflt)
    x$fpl$dfltu                              0x08008894   Section       38  dflt_clz.o(x$fpl$dfltu)
    $v0                                      0x08008894   Number         0  dflt_clz.o(x$fpl$dfltu)
    x$fpl$dmul                               0x080088bc   Section      340  dmul.o(x$fpl$dmul)
    $v0                                      0x080088bc   Number         0  dmul.o(x$fpl$dmul)
    x$fpl$dnaninf                            0x08008a10   Section      156  dnaninf.o(x$fpl$dnaninf)
    $v0                                      0x08008a10   Number         0  dnaninf.o(x$fpl$dnaninf)
    x$fpl$dretinf                            0x08008aac   Section       12  dretinf.o(x$fpl$dretinf)
    $v0                                      0x08008aac   Number         0  dretinf.o(x$fpl$dretinf)
    x$fpl$dsub                               0x08008ab8   Section      468  daddsub_clz.o(x$fpl$dsub)
    $v0                                      0x08008ab8   Number         0  daddsub_clz.o(x$fpl$dsub)
    _dsub1                                   0x08008ac9   Thumb Code     0  daddsub_clz.o(x$fpl$dsub)
    x$fpl$fpinit                             0x08008c8c   Section       10  fpinit.o(x$fpl$fpinit)
    $v0                                      0x08008c8c   Number         0  fpinit.o(x$fpl$fpinit)
    x$fpl$fretinf                            0x08008c96   Section       10  fretinf.o(x$fpl$fretinf)
    $v0                                      0x08008c96   Number         0  fretinf.o(x$fpl$fretinf)
    .constdata                               0x08008ca0   Section       28  stm32f4xx_fsmc.o(.constdata)
    x$fpl$usenofp                            0x08008ca0   Section        0  usenofp.o(x$fpl$usenofp)
    .constdata                               0x08008cbc   Section     6080  lcd.o(.constdata)
    .data                                    0x20000000   Section       20  system_stm32f4xx.o(.data)
    .data                                    0x20000014   Section       16  stm32f4xx_rcc.o(.data)
    APBAHBPrescTable                         0x20000014   Data          16  stm32f4xx_rcc.o(.data)
    .data                                    0x20000024   Section        4  delay.o(.data)
    fac_us                                   0x20000024   Data           1  delay.o(.data)
    fac_ms                                   0x20000026   Data           2  delay.o(.data)
    .data                                    0x20000028   Section        4  lcd.o(.data)
    .data                                    0x2000002c   Section       54  pstwo.o(.data)
    .data                                    0x20000064   Section      200  motor.o(.data)
    .data                                    0x2000012c   Section        2  communication.o(.data)
    .bss                                     0x20000130   Section       14  lcd.o(.bss)
    .bss                                     0x2000013e   Section        9  pstwo.o(.bss)
    .bss                                     0x20000148   Section       64  communication.o(.bss)
    .bss                                     0x20000188   Section       96  libspace.o(.bss)
    HEAP                                     0x200001e8   Section      512  startup_stm32f40_41xxx.o(HEAP)
    Heap_Mem                                 0x200001e8   Data         512  startup_stm32f40_41xxx.o(HEAP)
    STACK                                    0x200003e8   Section     1024  startup_stm32f40_41xxx.o(STACK)
    Stack_Mem                                0x200003e8   Data        1024  startup_stm32f40_41xxx.o(STACK)
    __initial_sp                             0x200007e8   Data           0  startup_stm32f40_41xxx.o(STACK)

    Global Symbols

    Symbol Name                              Value     Ov Type        Size  Object(Section)

    BuildAttributes$$THM_ISAv4$E$P$D$K$B$S$7EM$VFPi3$EXTD16$VFPS$VFMA$PE$A:L22UL41UL21$X:L11$S22US41US21$IEEE1$IW$USESV6$~STKCKD$USESV7$~SHL$OSPACE$ROPI$EBA8$UX$STANDARDLIB$REQ8$PRES8$EABIv2 0x00000000   Number         0  anon$$obj.o ABSOLUTE
    __ARM_use_no_argv                        0x00000000   Number         0  main.o ABSOLUTE
    __ARM_exceptions_init                     - Undefined Weak Reference
    __alloca_initialize                       - Undefined Weak Reference
    __arm_preinit_                            - Undefined Weak Reference
    __cpp_initialize__aeabi_                  - Undefined Weak Reference
    __cxa_finalize                            - Undefined Weak Reference
    __rt_locale                               - Undefined Weak Reference
    __sigvec_lookup                           - Undefined Weak Reference
    _atexit_init                              - Undefined Weak Reference
    _call_atexit_fns                          - Undefined Weak Reference
    _clock_init                               - Undefined Weak Reference
    _fp_trap_init                             - Undefined Weak Reference
    _fp_trap_shutdown                         - Undefined Weak Reference
    _get_lc_collate                           - Undefined Weak Reference
    _get_lc_ctype                             - Undefined Weak Reference
    _get_lc_monetary                          - Undefined Weak Reference
    _get_lc_numeric                           - Undefined Weak Reference
    _get_lc_time                              - Undefined Weak Reference
    _getenv_init                              - Undefined Weak Reference
    _handle_redirection                       - Undefined Weak Reference
    _init_alloc                               - Undefined Weak Reference
    _init_user_alloc                          - Undefined Weak Reference
    _initio                                   - Undefined Weak Reference
    _rand_init                                - Undefined Weak Reference
    _signal_finish                            - Undefined Weak Reference
    _signal_init                              - Undefined Weak Reference
    _terminate_alloc                          - Undefined Weak Reference
    _terminate_user_alloc                     - Undefined Weak Reference
    _terminateio                              - Undefined Weak Reference
    __Vectors_Size                           0x00000188   Number         0  startup_stm32f40_41xxx.o ABSOLUTE
    __Vectors                                0x08000000   Data           4  startup_stm32f40_41xxx.o(RESET)
    __Vectors_End                            0x08000188   Data           0  startup_stm32f40_41xxx.o(RESET)
    __main                                   0x08000189   Thumb Code     8  __main.o(!!!main)
    __scatterload                            0x08000191   Thumb Code     0  __scatter.o(!!!scatter)
    __scatterload_rt2                        0x08000191   Thumb Code    44  __scatter.o(!!!scatter)
    __scatterload_rt2_thumb_only             0x08000191   Thumb Code     0  __scatter.o(!!!scatter)
    __scatterload_null                       0x0800019f   Thumb Code     0  __scatter.o(!!!scatter)
    __decompress                             0x080001c5   Thumb Code    90  __dczerorl2.o(!!dczerorl2)
    __decompress1                            0x080001c5   Thumb Code     0  __dczerorl2.o(!!dczerorl2)
    __scatterload_zeroinit                   0x08000221   Thumb Code    28  __scatter_zi.o(!!handler_zi)
    __rt_lib_init                            0x0800023d   Thumb Code     0  libinit.o(.ARM.Collect$$libinit$$00000000)
    __rt_lib_init_fp_1                       0x0800023f   Thumb Code     0  libinit2.o(.ARM.Collect$$libinit$$00000001)
    __rt_lib_init_alloca_1                   0x08000243   Thumb Code     0  libinit2.o(.ARM.Collect$$libinit$$0000002E)
    __rt_lib_init_argv_1                     0x08000243   Thumb Code     0  libinit2.o(.ARM.Collect$$libinit$$0000002C)
    __rt_lib_init_atexit_1                   0x08000243   Thumb Code     0  libinit2.o(.ARM.Collect$$libinit$$0000001B)
    __rt_lib_init_clock_1                    0x08000243   Thumb Code     0  libinit2.o(.ARM.Collect$$libinit$$00000021)
    __rt_lib_init_cpp_1                      0x08000243   Thumb Code     0  libinit2.o(.ARM.Collect$$libinit$$00000032)
    __rt_lib_init_exceptions_1               0x08000243   Thumb Code     0  libinit2.o(.ARM.Collect$$libinit$$00000030)
    __rt_lib_init_fp_trap_1                  0x08000243   Thumb Code     0  libinit2.o(.ARM.Collect$$libinit$$0000001F)
    __rt_lib_init_getenv_1                   0x08000243   Thumb Code     0  libinit2.o(.ARM.Collect$$libinit$$00000023)
    __rt_lib_init_heap_1                     0x08000243   Thumb Code     0  libinit2.o(.ARM.Collect$$libinit$$0000000A)
    __rt_lib_init_lc_collate_1               0x08000243   Thumb Code     0  libinit2.o(.ARM.Collect$$libinit$$00000011)
    __rt_lib_init_lc_ctype_1                 0x08000243   Thumb Code     0  libinit2.o(.ARM.Collect$$libinit$$00000013)
    __rt_lib_init_lc_monetary_1              0x08000243   Thumb Code     0  libinit2.o(.ARM.Collect$$libinit$$00000015)
    __rt_lib_init_lc_numeric_1               0x08000243   Thumb Code     0  libinit2.o(.ARM.Collect$$libinit$$00000017)
    __rt_lib_init_lc_time_1                  0x08000243   Thumb Code     0  libinit2.o(.ARM.Collect$$libinit$$00000019)
    __rt_lib_init_preinit_1                  0x08000243   Thumb Code     0  libinit2.o(.ARM.Collect$$libinit$$00000004)
    __rt_lib_init_rand_1                     0x08000243   Thumb Code     0  libinit2.o(.ARM.Collect$$libinit$$0000000E)
    __rt_lib_init_return                     0x08000243   Thumb Code     0  libinit2.o(.ARM.Collect$$libinit$$00000033)
    __rt_lib_init_signal_1                   0x08000243   Thumb Code     0  libinit2.o(.ARM.Collect$$libinit$$0000001D)
    __rt_lib_init_stdio_1                    0x08000243   Thumb Code     0  libinit2.o(.ARM.Collect$$libinit$$00000025)
    __rt_lib_init_user_alloc_1               0x08000243   Thumb Code     0  libinit2.o(.ARM.Collect$$libinit$$0000000C)
    __rt_lib_shutdown                        0x08000245   Thumb Code     0  libshutdown.o(.ARM.Collect$$libshutdown$$00000000)
    __rt_lib_shutdown_cpp_1                  0x08000247   Thumb Code     0  libshutdown2.o(.ARM.Collect$$libshutdown$$00000002)
    __rt_lib_shutdown_fp_trap_1              0x08000247   Thumb Code     0  libshutdown2.o(.ARM.Collect$$libshutdown$$00000007)
    __rt_lib_shutdown_heap_1                 0x08000247   Thumb Code     0  libshutdown2.o(.ARM.Collect$$libshutdown$$0000000F)
    __rt_lib_shutdown_return                 0x08000247   Thumb Code     0  libshutdown2.o(.ARM.Collect$$libshutdown$$00000010)
    __rt_lib_shutdown_signal_1               0x08000247   Thumb Code     0  libshutdown2.o(.ARM.Collect$$libshutdown$$0000000A)
    __rt_lib_shutdown_stdio_1                0x08000247   Thumb Code     0  libshutdown2.o(.ARM.Collect$$libshutdown$$00000004)
    __rt_lib_shutdown_user_alloc_1           0x08000247   Thumb Code     0  libshutdown2.o(.ARM.Collect$$libshutdown$$0000000C)
    __rt_entry                               0x08000249   Thumb Code     0  __rtentry.o(.ARM.Collect$$rtentry$$00000000)
    __rt_entry_presh_1                       0x08000249   Thumb Code     0  __rtentry2.o(.ARM.Collect$$rtentry$$00000002)
    __rt_entry_sh                            0x08000249   Thumb Code     0  __rtentry4.o(.ARM.Collect$$rtentry$$00000004)
    __rt_entry_li                            0x0800024f   Thumb Code     0  __rtentry2.o(.ARM.Collect$$rtentry$$0000000A)
    __rt_entry_postsh_1                      0x0800024f   Thumb Code     0  __rtentry2.o(.ARM.Collect$$rtentry$$00000009)
    __rt_entry_main                          0x08000253   Thumb Code     0  __rtentry2.o(.ARM.Collect$$rtentry$$0000000D)
    __rt_entry_postli_1                      0x08000253   Thumb Code     0  __rtentry2.o(.ARM.Collect$$rtentry$$0000000C)
    __rt_exit                                0x0800025b   Thumb Code     0  rtexit.o(.ARM.Collect$$rtexit$$00000000)
    __rt_exit_ls                             0x0800025d   Thumb Code     0  rtexit2.o(.ARM.Collect$$rtexit$$00000003)
    __rt_exit_prels_1                        0x0800025d   Thumb Code     0  rtexit2.o(.ARM.Collect$$rtexit$$00000002)
    __rt_exit_exit                           0x08000261   Thumb Code     0  rtexit2.o(.ARM.Collect$$rtexit$$00000004)
    main                                     0x08000269   Thumb Code    88  main.o(.text)
    NMI_Handler                              0x080002c9   Thumb Code     2  stm32f4xx_it.o(.text)
    HardFault_Handler                        0x080002cb   Thumb Code     4  stm32f4xx_it.o(.text)
    MemManage_Handler                        0x080002cf   Thumb Code     4  stm32f4xx_it.o(.text)
    BusFault_Handler                         0x080002d3   Thumb Code     4  stm32f4xx_it.o(.text)
    UsageFault_Handler                       0x080002d7   Thumb Code     4  stm32f4xx_it.o(.text)
    SVC_Handler                              0x080002db   Thumb Code     2  stm32f4xx_it.o(.text)
    DebugMon_Handler                         0x080002dd   Thumb Code     2  stm32f4xx_it.o(.text)
    PendSV_Handler                           0x080002df   Thumb Code     2  stm32f4xx_it.o(.text)
    SysTick_Handler                          0x080002e1   Thumb Code     2  stm32f4xx_it.o(.text)
    SystemInit                               0x080003c1   Thumb Code    88  system_stm32f4xx.o(.text)
    SystemCoreClockUpdate                    0x08000419   Thumb Code   174  system_stm32f4xx.o(.text)
    Reset_Handler                            0x080004f5   Thumb Code     8  startup_stm32f40_41xxx.o(.text)
    ADC_IRQHandler                           0x0800050f   Thumb Code     0  startup_stm32f40_41xxx.o(.text)
    CAN1_RX0_IRQHandler                      0x0800050f   Thumb Code     0  startup_stm32f40_41xxx.o(.text)
    CAN1_RX1_IRQHandler                      0x0800050f   Thumb Code     0  startup_stm32f40_41xxx.o(.text)
    CAN1_SCE_IRQHandler                      0x0800050f   Thumb Code     0  startup_stm32f40_41xxx.o(.text)
    CAN1_TX_IRQHandler                       0x0800050f   Thumb Code     0  startup_stm32f40_41xxx.o(.text)
    CAN2_RX0_IRQHandler                      0x0800050f   Thumb Code     0  startup_stm32f40_41xxx.o(.text)
    CAN2_RX1_IRQHandler                      0x0800050f   Thumb Code     0  startup_stm32f40_41xxx.o(.text)
    CAN2_SCE_IRQHandler                      0x0800050f   Thumb Code     0  startup_stm32f40_41xxx.o(.text)
    CAN2_TX_IRQHandler                       0x0800050f   Thumb Code     0  startup_stm32f40_41xxx.o(.text)
    CRYP_IRQHandler                          0x0800050f   Thumb Code     0  startup_stm32f40_41xxx.o(.text)
    DCMI_IRQHandler                          0x0800050f   Thumb Code     0  startup_stm32f40_41xxx.o(.text)
    DMA1_Stream0_IRQHandler                  0x0800050f   Thumb Code     0  startup_stm32f40_41xxx.o(.text)
    DMA1_Stream1_IRQHandler                  0x0800050f   Thumb Code     0  startup_stm32f40_41xxx.o(.text)
    DMA1_Stream2_IRQHandler                  0x0800050f   Thumb Code     0  startup_stm32f40_41xxx.o(.text)
    DMA1_Stream3_IRQHandler                  0x0800050f   Thumb Code     0  startup_stm32f40_41xxx.o(.text)
    DMA1_Stream4_IRQHandler                  0x0800050f   Thumb Code     0  startup_stm32f40_41xxx.o(.text)
    DMA1_Stream5_IRQHandler                  0x0800050f   Thumb Code     0  startup_stm32f40_41xxx.o(.text)
    DMA1_Stream6_IRQHandler                  0x0800050f   Thumb Code     0  startup_stm32f40_41xxx.o(.text)
    DMA1_Stream7_IRQHandler                  0x0800050f   Thumb Code     0  startup_stm32f40_41xxx.o(.text)
    DMA2_Stream0_IRQHandler                  0x0800050f   Thumb Code     0  startup_stm32f40_41xxx.o(.text)
    DMA2_Stream1_IRQHandler                  0x0800050f   Thumb Code     0  startup_stm32f40_41xxx.o(.text)
    DMA2_Stream2_IRQHandler                  0x0800050f   Thumb Code     0  startup_stm32f40_41xxx.o(.text)
    DMA2_Stream3_IRQHandler                  0x0800050f   Thumb Code     0  startup_stm32f40_41xxx.o(.text)
    DMA2_Stream4_IRQHandler                  0x0800050f   Thumb Code     0  startup_stm32f40_41xxx.o(.text)
    DMA2_Stream5_IRQHandler                  0x0800050f   Thumb Code     0  startup_stm32f40_41xxx.o(.text)
    DMA2_Stream6_IRQHandler                  0x0800050f   Thumb Code     0  startup_stm32f40_41xxx.o(.text)
    DMA2_Stream7_IRQHandler                  0x0800050f   Thumb Code     0  startup_stm32f40_41xxx.o(.text)
    ETH_IRQHandler                           0x0800050f   Thumb Code     0  startup_stm32f40_41xxx.o(.text)
    ETH_WKUP_IRQHandler                      0x0800050f   Thumb Code     0  startup_stm32f40_41xxx.o(.text)
    EXTI0_IRQHandler                         0x0800050f   Thumb Code     0  startup_stm32f40_41xxx.o(.text)
    EXTI15_10_IRQHandler                     0x0800050f   Thumb Code     0  startup_stm32f40_41xxx.o(.text)
    EXTI1_IRQHandler                         0x0800050f   Thumb Code     0  startup_stm32f40_41xxx.o(.text)
    EXTI2_IRQHandler                         0x0800050f   Thumb Code     0  startup_stm32f40_41xxx.o(.text)
    EXTI3_IRQHandler                         0x0800050f   Thumb Code     0  startup_stm32f40_41xxx.o(.text)
    EXTI4_IRQHandler                         0x0800050f   Thumb Code     0  startup_stm32f40_41xxx.o(.text)
    EXTI9_5_IRQHandler                       0x0800050f   Thumb Code     0  startup_stm32f40_41xxx.o(.text)
    FLASH_IRQHandler                         0x0800050f   Thumb Code     0  startup_stm32f40_41xxx.o(.text)
    FPU_IRQHandler                           0x0800050f   Thumb Code     0  startup_stm32f40_41xxx.o(.text)
    FSMC_IRQHandler                          0x0800050f   Thumb Code     0  startup_stm32f40_41xxx.o(.text)
    HASH_RNG_IRQHandler                      0x0800050f   Thumb Code     0  startup_stm32f40_41xxx.o(.text)
    I2C1_ER_IRQHandler                       0x0800050f   Thumb Code     0  startup_stm32f40_41xxx.o(.text)
    I2C1_EV_IRQHandler                       0x0800050f   Thumb Code     0  startup_stm32f40_41xxx.o(.text)
    I2C2_ER_IRQHandler                       0x0800050f   Thumb Code     0  startup_stm32f40_41xxx.o(.text)
    I2C2_EV_IRQHandler                       0x0800050f   Thumb Code     0  startup_stm32f40_41xxx.o(.text)
    I2C3_ER_IRQHandler                       0x0800050f   Thumb Code     0  startup_stm32f40_41xxx.o(.text)
    I2C3_EV_IRQHandler                       0x0800050f   Thumb Code     0  startup_stm32f40_41xxx.o(.text)
    OTG_FS_IRQHandler                        0x0800050f   Thumb Code     0  startup_stm32f40_41xxx.o(.text)
    OTG_FS_WKUP_IRQHandler                   0x0800050f   Thumb Code     0  startup_stm32f40_41xxx.o(.text)
    OTG_HS_EP1_IN_IRQHandler                 0x0800050f   Thumb Code     0  startup_stm32f40_41xxx.o(.text)
    OTG_HS_EP1_OUT_IRQHandler                0x0800050f   Thumb Code     0  startup_stm32f40_41xxx.o(.text)
    OTG_HS_IRQHandler                        0x0800050f   Thumb Code     0  startup_stm32f40_41xxx.o(.text)
    OTG_HS_WKUP_IRQHandler                   0x0800050f   Thumb Code     0  startup_stm32f40_41xxx.o(.text)
    PVD_IRQHandler                           0x0800050f   Thumb Code     0  startup_stm32f40_41xxx.o(.text)
    RCC_IRQHandler                           0x0800050f   Thumb Code     0  startup_stm32f40_41xxx.o(.text)
    RTC_Alarm_IRQHandler                     0x0800050f   Thumb Code     0  startup_stm32f40_41xxx.o(.text)
    RTC_WKUP_IRQHandler                      0x0800050f   Thumb Code     0  startup_stm32f40_41xxx.o(.text)
    SDIO_IRQHandler                          0x0800050f   Thumb Code     0  startup_stm32f40_41xxx.o(.text)
    SPI1_IRQHandler                          0x0800050f   Thumb Code     0  startup_stm32f40_41xxx.o(.text)
    SPI2_IRQHandler                          0x0800050f   Thumb Code     0  startup_stm32f40_41xxx.o(.text)
    SPI3_IRQHandler                          0x0800050f   Thumb Code     0  startup_stm32f40_41xxx.o(.text)
    TAMP_STAMP_IRQHandler                    0x0800050f   Thumb Code     0  startup_stm32f40_41xxx.o(.text)
    TIM1_BRK_TIM9_IRQHandler                 0x0800050f   Thumb Code     0  startup_stm32f40_41xxx.o(.text)
    TIM1_CC_IRQHandler                       0x0800050f   Thumb Code     0  startup_stm32f40_41xxx.o(.text)
    TIM1_TRG_COM_TIM11_IRQHandler            0x0800050f   Thumb Code     0  startup_stm32f40_41xxx.o(.text)
    TIM1_UP_TIM10_IRQHandler                 0x0800050f   Thumb Code     0  startup_stm32f40_41xxx.o(.text)
    TIM2_IRQHandler                          0x0800050f   Thumb Code     0  startup_stm32f40_41xxx.o(.text)
    TIM3_IRQHandler                          0x0800050f   Thumb Code     0  startup_stm32f40_41xxx.o(.text)
    TIM4_IRQHandler                          0x0800050f   Thumb Code     0  startup_stm32f40_41xxx.o(.text)
    TIM5_IRQHandler                          0x0800050f   Thumb Code     0  startup_stm32f40_41xxx.o(.text)
    TIM6_DAC_IRQHandler                      0x0800050f   Thumb Code     0  startup_stm32f40_41xxx.o(.text)
    TIM8_BRK_TIM12_IRQHandler                0x0800050f   Thumb Code     0  startup_stm32f40_41xxx.o(.text)
    TIM8_CC_IRQHandler                       0x0800050f   Thumb Code     0  startup_stm32f40_41xxx.o(.text)
    TIM8_TRG_COM_TIM14_IRQHandler            0x0800050f   Thumb Code     0  startup_stm32f40_41xxx.o(.text)
    TIM8_UP_TIM13_IRQHandler                 0x0800050f   Thumb Code     0  startup_stm32f40_41xxx.o(.text)
    UART4_IRQHandler                         0x0800050f   Thumb Code     0  startup_stm32f40_41xxx.o(.text)
    UART5_IRQHandler                         0x0800050f   Thumb Code     0  startup_stm32f40_41xxx.o(.text)
    USART2_IRQHandler                        0x0800050f   Thumb Code     0  startup_stm32f40_41xxx.o(.text)
    USART3_IRQHandler                        0x0800050f   Thumb Code     0  startup_stm32f40_41xxx.o(.text)
    USART6_IRQHandler                        0x0800050f   Thumb Code     0  startup_stm32f40_41xxx.o(.text)
    WWDG_IRQHandler                          0x0800050f   Thumb Code     0  startup_stm32f40_41xxx.o(.text)
    __user_initial_stackheap                 0x08000511   Thumb Code     0  startup_stm32f40_41xxx.o(.text)
    NVIC_PriorityGroupConfig                 0x08000535   Thumb Code    10  misc.o(.text)
    NVIC_Init                                0x0800053f   Thumb Code   106  misc.o(.text)
    NVIC_SetVectorTable                      0x080005a9   Thumb Code    14  misc.o(.text)
    NVIC_SystemLPConfig                      0x080005b7   Thumb Code    34  misc.o(.text)
    SysTick_CLKSourceConfig                  0x080005d9   Thumb Code    40  misc.o(.text)
    FSMC_NORSRAMDeInit                       0x08000615   Thumb Code    54  stm32f4xx_fsmc.o(.text)
    FSMC_NORSRAMInit                         0x0800064b   Thumb Code   230  stm32f4xx_fsmc.o(.text)
    FSMC_NORSRAMStructInit                   0x08000731   Thumb Code    48  stm32f4xx_fsmc.o(.text)
    FSMC_NORSRAMCmd                          0x08000761   Thumb Code    46  stm32f4xx_fsmc.o(.text)
    FSMC_NANDDeInit                          0x0800078f   Thumb Code    62  stm32f4xx_fsmc.o(.text)
    FSMC_NANDInit                            0x080007cd   Thumb Code   132  stm32f4xx_fsmc.o(.text)
    FSMC_NANDStructInit                      0x08000851   Thumb Code    54  stm32f4xx_fsmc.o(.text)
    FSMC_NANDCmd                             0x08000887   Thumb Code    86  stm32f4xx_fsmc.o(.text)
    FSMC_NANDECCCmd                          0x080008dd   Thumb Code    86  stm32f4xx_fsmc.o(.text)
    FSMC_GetECC                              0x08000933   Thumb Code    24  stm32f4xx_fsmc.o(.text)
    FSMC_PCCARDDeInit                        0x0800094b   Thumb Code    36  stm32f4xx_fsmc.o(.text)
    FSMC_PCCARDInit                          0x0800096f   Thumb Code   130  stm32f4xx_fsmc.o(.text)
    FSMC_PCCARDStructInit                    0x080009f1   Thumb Code    60  stm32f4xx_fsmc.o(.text)
    FSMC_PCCARDCmd                           0x08000a2d   Thumb Code    44  stm32f4xx_fsmc.o(.text)
    FSMC_ITConfig                            0x08000a59   Thumb Code   128  stm32f4xx_fsmc.o(.text)
    FSMC_GetFlagStatus                       0x08000ad9   Thumb Code    54  stm32f4xx_fsmc.o(.text)
    FSMC_ClearFlag                           0x08000b0f   Thumb Code    74  stm32f4xx_fsmc.o(.text)
    FSMC_GetITStatus                         0x08000b59   Thumb Code    62  stm32f4xx_fsmc.o(.text)
    FSMC_ClearITPendingBit                   0x08000b97   Thumb Code    66  stm32f4xx_fsmc.o(.text)
    GPIO_DeInit                              0x08000bdd   Thumb Code   268  stm32f4xx_gpio.o(.text)
    GPIO_Init                                0x08000ce9   Thumb Code   144  stm32f4xx_gpio.o(.text)
    GPIO_StructInit                          0x08000d79   Thumb Code    18  stm32f4xx_gpio.o(.text)
    GPIO_PinLockConfig                       0x08000d8b   Thumb Code    34  stm32f4xx_gpio.o(.text)
    GPIO_ReadInputDataBit                    0x08000dad   Thumb Code    18  stm32f4xx_gpio.o(.text)
    GPIO_ReadInputData                       0x08000dbf   Thumb Code     8  stm32f4xx_gpio.o(.text)
    GPIO_ReadOutputDataBit                   0x08000dc7   Thumb Code    18  stm32f4xx_gpio.o(.text)
    GPIO_ReadOutputData                      0x08000dd9   Thumb Code     8  stm32f4xx_gpio.o(.text)
    GPIO_SetBits                             0x08000de1   Thumb Code     4  stm32f4xx_gpio.o(.text)
    GPIO_ResetBits                           0x08000de5   Thumb Code     4  stm32f4xx_gpio.o(.text)
    GPIO_WriteBit                            0x08000de9   Thumb Code    10  stm32f4xx_gpio.o(.text)
    GPIO_Write                               0x08000df3   Thumb Code     4  stm32f4xx_gpio.o(.text)
    GPIO_ToggleBits                          0x08000df7   Thumb Code     8  stm32f4xx_gpio.o(.text)
    GPIO_PinAFConfig                         0x08000dff   Thumb Code    70  stm32f4xx_gpio.o(.text)
    RCC_DeInit                               0x08000e71   Thumb Code    82  stm32f4xx_rcc.o(.text)
    RCC_HSEConfig                            0x08000ec3   Thumb Code    14  stm32f4xx_rcc.o(.text)
    RCC_GetFlagStatus                        0x08000ed1   Thumb Code    60  stm32f4xx_rcc.o(.text)
    RCC_WaitForHSEStartUp                    0x08000f0d   Thumb Code    56  stm32f4xx_rcc.o(.text)
    RCC_AdjustHSICalibrationValue            0x08000f45   Thumb Code    20  stm32f4xx_rcc.o(.text)
    RCC_HSICmd                               0x08000f59   Thumb Code     6  stm32f4xx_rcc.o(.text)
    RCC_LSEConfig                            0x08000f5f   Thumb Code    46  stm32f4xx_rcc.o(.text)
    RCC_LSICmd                               0x08000f8d   Thumb Code     6  stm32f4xx_rcc.o(.text)
    RCC_PLLConfig                            0x08000f93   Thumb Code    32  stm32f4xx_rcc.o(.text)
    RCC_PLLCmd                               0x08000fb3   Thumb Code     6  stm32f4xx_rcc.o(.text)
    RCC_PLLI2SConfig                         0x08000fb9   Thumb Code    14  stm32f4xx_rcc.o(.text)
    RCC_PLLI2SCmd                            0x08000fc7   Thumb Code     6  stm32f4xx_rcc.o(.text)
    RCC_PLLSAIConfig                         0x08000fcd   Thumb Code    20  stm32f4xx_rcc.o(.text)
    RCC_PLLSAICmd                            0x08000fe1   Thumb Code     6  stm32f4xx_rcc.o(.text)
    RCC_ClockSecuritySystemCmd               0x08000fe7   Thumb Code     6  stm32f4xx_rcc.o(.text)
    RCC_MCO1Config                           0x08000fed   Thumb Code    28  stm32f4xx_rcc.o(.text)
    RCC_MCO2Config                           0x08001009   Thumb Code    28  stm32f4xx_rcc.o(.text)
    RCC_SYSCLKConfig                         0x08001025   Thumb Code    20  stm32f4xx_rcc.o(.text)
    RCC_GetSYSCLKSource                      0x08001039   Thumb Code    12  stm32f4xx_rcc.o(.text)
    RCC_HCLKConfig                           0x08001045   Thumb Code    20  stm32f4xx_rcc.o(.text)
    RCC_PCLK1Config                          0x08001059   Thumb Code    20  stm32f4xx_rcc.o(.text)
    RCC_PCLK2Config                          0x0800106d   Thumb Code    22  stm32f4xx_rcc.o(.text)
    RCC_GetClocksFreq                        0x08001083   Thumb Code   222  stm32f4xx_rcc.o(.text)
    RCC_RTCCLKConfig                         0x08001161   Thumb Code    54  stm32f4xx_rcc.o(.text)
    RCC_RTCCLKCmd                            0x08001197   Thumb Code     8  stm32f4xx_rcc.o(.text)
    RCC_BackupResetCmd                       0x0800119f   Thumb Code     8  stm32f4xx_rcc.o(.text)
    RCC_I2SCLKConfig                         0x080011a7   Thumb Code     6  stm32f4xx_rcc.o(.text)
    RCC_SAIPLLI2SClkDivConfig                0x080011ad   Thumb Code    26  stm32f4xx_rcc.o(.text)
    RCC_SAIPLLSAIClkDivConfig                0x080011c7   Thumb Code    28  stm32f4xx_rcc.o(.text)
    RCC_SAIBlockACLKConfig                   0x080011e3   Thumb Code    20  stm32f4xx_rcc.o(.text)
    RCC_SAIBlockBCLKConfig                   0x080011f7   Thumb Code    20  stm32f4xx_rcc.o(.text)
    RCC_LTDCCLKDivConfig                     0x0800120b   Thumb Code    20  stm32f4xx_rcc.o(.text)
    RCC_TIMCLKPresConfig                     0x0800121f   Thumb Code     6  stm32f4xx_rcc.o(.text)
    RCC_AHB1PeriphClockCmd                   0x08001225   Thumb Code    34  stm32f4xx_rcc.o(.text)
    RCC_AHB2PeriphClockCmd                   0x08001247   Thumb Code    78  stm32f4xx_rcc.o(.text)
    RCC_AHB3PeriphClockCmd                   0x08001295   Thumb Code    34  stm32f4xx_rcc.o(.text)
    RCC_APB1PeriphClockCmd                   0x080012b7   Thumb Code    34  stm32f4xx_rcc.o(.text)
    RCC_APB2PeriphClockCmd                   0x080012d9   Thumb Code    34  stm32f4xx_rcc.o(.text)
    RCC_AHB1PeriphResetCmd                   0x080012fb   Thumb Code    34  stm32f4xx_rcc.o(.text)
    RCC_AHB2PeriphResetCmd                   0x0800131d   Thumb Code    34  stm32f4xx_rcc.o(.text)
    RCC_AHB3PeriphResetCmd                   0x0800133f   Thumb Code    34  stm32f4xx_rcc.o(.text)
    RCC_APB1PeriphResetCmd                   0x08001361   Thumb Code    34  stm32f4xx_rcc.o(.text)
    RCC_APB2PeriphResetCmd                   0x08001383   Thumb Code    34  stm32f4xx_rcc.o(.text)
    RCC_AHB1PeriphClockLPModeCmd             0x080013a5   Thumb Code    34  stm32f4xx_rcc.o(.text)
    RCC_AHB2PeriphClockLPModeCmd             0x080013c7   Thumb Code    34  stm32f4xx_rcc.o(.text)
    RCC_AHB3PeriphClockLPModeCmd             0x080013e9   Thumb Code    34  stm32f4xx_rcc.o(.text)
    RCC_APB1PeriphClockLPModeCmd             0x0800140b   Thumb Code    34  stm32f4xx_rcc.o(.text)
    RCC_APB2PeriphClockLPModeCmd             0x0800142d   Thumb Code    34  stm32f4xx_rcc.o(.text)
    RCC_LSEModeConfig                        0x0800144f   Thumb Code    40  stm32f4xx_rcc.o(.text)
    RCC_ITConfig                             0x08001477   Thumb Code    34  stm32f4xx_rcc.o(.text)
    RCC_ClearFlag                            0x08001499   Thumb Code    18  stm32f4xx_rcc.o(.text)
    RCC_GetITStatus                          0x080014ab   Thumb Code    22  stm32f4xx_rcc.o(.text)
    RCC_ClearITPendingBit                    0x080014c1   Thumb Code     8  stm32f4xx_rcc.o(.text)
    TIM_DeInit                               0x080014cd   Thumb Code   346  stm32f4xx_tim.o(.text)
    TIM_TimeBaseInit                         0x08001627   Thumb Code   104  stm32f4xx_tim.o(.text)
    TIM_TimeBaseStructInit                   0x0800168f   Thumb Code    18  stm32f4xx_tim.o(.text)
    TIM_PrescalerConfig                      0x080016a1   Thumb Code     6  stm32f4xx_tim.o(.text)
    TIM_CounterModeConfig                    0x080016a7   Thumb Code    18  stm32f4xx_tim.o(.text)
    TIM_SetCounter                           0x080016b9   Thumb Code     4  stm32f4xx_tim.o(.text)
    TIM_SetAutoreload                        0x080016bd   Thumb Code     4  stm32f4xx_tim.o(.text)
    TIM_GetCounter                           0x080016c1   Thumb Code     6  stm32f4xx_tim.o(.text)
    TIM_GetPrescaler                         0x080016c7   Thumb Code     6  stm32f4xx_tim.o(.text)
    TIM_UpdateDisableConfig                  0x080016cd   Thumb Code    24  stm32f4xx_tim.o(.text)
    TIM_UpdateRequestConfig                  0x080016e5   Thumb Code    24  stm32f4xx_tim.o(.text)
    TIM_ARRPreloadConfig                     0x080016fd   Thumb Code    24  stm32f4xx_tim.o(.text)
    TIM_SelectOnePulseMode                   0x08001715   Thumb Code    18  stm32f4xx_tim.o(.text)
    TIM_SetClockDivision                     0x08001727   Thumb Code    18  stm32f4xx_tim.o(.text)
    TIM_Cmd                                  0x08001739   Thumb Code    24  stm32f4xx_tim.o(.text)
    TIM_OC1Init                              0x08001751   Thumb Code   114  stm32f4xx_tim.o(.text)
    TIM_OC2Init                              0x080017c3   Thumb Code   154  stm32f4xx_tim.o(.text)
    TIM_OC3Init                              0x0800185d   Thumb Code   204  stm32f4xx_tim.o(.text)
    TIM_OC4Init                              0x08001929   Thumb Code   112  stm32f4xx_tim.o(.text)
    TIM_OCStructInit                         0x08001999   Thumb Code    20  stm32f4xx_tim.o(.text)
    TIM_SelectOCxM                           0x080019ad   Thumb Code    86  stm32f4xx_tim.o(.text)
    TIM_SetCompare1                          0x08001a03   Thumb Code     4  stm32f4xx_tim.o(.text)
    TIM_SetCompare2                          0x08001a07   Thumb Code     4  stm32f4xx_tim.o(.text)
    TIM_SetCompare3                          0x08001a0b   Thumb Code     4  stm32f4xx_tim.o(.text)
    TIM_SetCompare4                          0x08001a0f   Thumb Code     4  stm32f4xx_tim.o(.text)
    TIM_ForcedOC1Config                      0x08001a13   Thumb Code    18  stm32f4xx_tim.o(.text)
    TIM_ForcedOC2Config                      0x08001a25   Thumb Code    26  stm32f4xx_tim.o(.text)
    TIM_ForcedOC3Config                      0x08001a3f   Thumb Code    18  stm32f4xx_tim.o(.text)
    TIM_ForcedOC4Config                      0x08001a51   Thumb Code    26  stm32f4xx_tim.o(.text)
    TIM_OC1PreloadConfig                     0x08001a6b   Thumb Code    18  stm32f4xx_tim.o(.text)
    TIM_OC2PreloadConfig                     0x08001a7d   Thumb Code    26  stm32f4xx_tim.o(.text)
    TIM_OC3PreloadConfig                     0x08001a97   Thumb Code    18  stm32f4xx_tim.o(.text)
    TIM_OC4PreloadConfig                     0x08001aa9   Thumb Code    26  stm32f4xx_tim.o(.text)
    TIM_OC1FastConfig                        0x08001ac3   Thumb Code    18  stm32f4xx_tim.o(.text)
    TIM_OC2FastConfig                        0x08001ad5   Thumb Code    26  stm32f4xx_tim.o(.text)
    TIM_OC3FastConfig                        0x08001aef   Thumb Code    18  stm32f4xx_tim.o(.text)
    TIM_OC4FastConfig                        0x08001b01   Thumb Code    26  stm32f4xx_tim.o(.text)
    TIM_ClearOC1Ref                          0x08001b1b   Thumb Code    18  stm32f4xx_tim.o(.text)
    TIM_ClearOC2Ref                          0x08001b2d   Thumb Code    24  stm32f4xx_tim.o(.text)
    TIM_ClearOC3Ref                          0x08001b45   Thumb Code    18  stm32f4xx_tim.o(.text)
    TIM_ClearOC4Ref                          0x08001b57   Thumb Code    24  stm32f4xx_tim.o(.text)
    TIM_OC1PolarityConfig                    0x08001b6f   Thumb Code    18  stm32f4xx_tim.o(.text)
    TIM_OC1NPolarityConfig                   0x08001b81   Thumb Code    18  stm32f4xx_tim.o(.text)
    TIM_OC2PolarityConfig                    0x08001b93   Thumb Code    26  stm32f4xx_tim.o(.text)
    TIM_OC2NPolarityConfig                   0x08001bad   Thumb Code    26  stm32f4xx_tim.o(.text)
    TIM_OC3PolarityConfig                    0x08001bc7   Thumb Code    26  stm32f4xx_tim.o(.text)
    TIM_OC3NPolarityConfig                   0x08001be1   Thumb Code    26  stm32f4xx_tim.o(.text)
    TIM_OC4PolarityConfig                    0x08001bfb   Thumb Code    26  stm32f4xx_tim.o(.text)
    TIM_CCxCmd                               0x08001c15   Thumb Code    30  stm32f4xx_tim.o(.text)
    TIM_CCxNCmd                              0x08001c33   Thumb Code    30  stm32f4xx_tim.o(.text)
    TIM_SetIC4Prescaler                      0x08001c51   Thumb Code    26  stm32f4xx_tim.o(.text)
    TIM_SetIC3Prescaler                      0x08001cbb   Thumb Code    18  stm32f4xx_tim.o(.text)
    TIM_SetIC2Prescaler                      0x08001d15   Thumb Code    26  stm32f4xx_tim.o(.text)
    TIM_SetIC1Prescaler                      0x08001d89   Thumb Code    18  stm32f4xx_tim.o(.text)
    TIM_ICInit                               0x08001dd5   Thumb Code   110  stm32f4xx_tim.o(.text)
    TIM_ICStructInit                         0x08001e43   Thumb Code    18  stm32f4xx_tim.o(.text)
    TIM_PWMIConfig                           0x08001e55   Thumb Code   124  stm32f4xx_tim.o(.text)
    TIM_GetCapture1                          0x08001ed1   Thumb Code     6  stm32f4xx_tim.o(.text)
    TIM_GetCapture2                          0x08001ed7   Thumb Code     6  stm32f4xx_tim.o(.text)
    TIM_GetCapture3                          0x08001edd   Thumb Code     6  stm32f4xx_tim.o(.text)
    TIM_GetCapture4                          0x08001ee3   Thumb Code     6  stm32f4xx_tim.o(.text)
    TIM_BDTRConfig                           0x08001ee9   Thumb Code    32  stm32f4xx_tim.o(.text)
    TIM_BDTRStructInit                       0x08001f09   Thumb Code    18  stm32f4xx_tim.o(.text)
    TIM_CtrlPWMOutputs                       0x08001f1b   Thumb Code    30  stm32f4xx_tim.o(.text)
    TIM_SelectCOM                            0x08001f39   Thumb Code    24  stm32f4xx_tim.o(.text)
    TIM_CCPreloadControl                     0x08001f51   Thumb Code    24  stm32f4xx_tim.o(.text)
    TIM_ITConfig                             0x08001f69   Thumb Code    18  stm32f4xx_tim.o(.text)
    TIM_GenerateEvent                        0x08001f7b   Thumb Code     4  stm32f4xx_tim.o(.text)
    TIM_GetFlagStatus                        0x08001f7f   Thumb Code    18  stm32f4xx_tim.o(.text)
    TIM_ClearFlag                            0x08001f91   Thumb Code     6  stm32f4xx_tim.o(.text)
    TIM_GetITStatus                          0x08001f97   Thumb Code    34  stm32f4xx_tim.o(.text)
    TIM_ClearITPendingBit                    0x08001fb9   Thumb Code     6  stm32f4xx_tim.o(.text)
    TIM_DMAConfig                            0x08001fbf   Thumb Code    10  stm32f4xx_tim.o(.text)
    TIM_DMACmd                               0x08001fc9   Thumb Code    18  stm32f4xx_tim.o(.text)
    TIM_SelectCCDMA                          0x08001fdb   Thumb Code    24  stm32f4xx_tim.o(.text)
    TIM_InternalClockConfig                  0x08001ff3   Thumb Code    12  stm32f4xx_tim.o(.text)
    TIM_SelectInputTrigger                   0x08001fff   Thumb Code    18  stm32f4xx_tim.o(.text)
    TIM_ITRxExternalClockConfig              0x08002011   Thumb Code    24  stm32f4xx_tim.o(.text)
    TIM_TIxExternalClockConfig               0x08002029   Thumb Code    62  stm32f4xx_tim.o(.text)
    TIM_ETRConfig                            0x08002067   Thumb Code    28  stm32f4xx_tim.o(.text)
    TIM_ETRClockMode1Config                  0x08002083   Thumb Code    54  stm32f4xx_tim.o(.text)
    TIM_ETRClockMode2Config                  0x080020b9   Thumb Code    32  stm32f4xx_tim.o(.text)
    TIM_SelectOutputTrigger                  0x080020d9   Thumb Code    18  stm32f4xx_tim.o(.text)
    TIM_SelectSlaveMode                      0x080020eb   Thumb Code    18  stm32f4xx_tim.o(.text)
    TIM_SelectMasterSlaveMode                0x080020fd   Thumb Code    18  stm32f4xx_tim.o(.text)
    TIM_EncoderInterfaceConfig               0x0800210f   Thumb Code    66  stm32f4xx_tim.o(.text)
    TIM_SelectHallSensor                     0x08002151   Thumb Code    24  stm32f4xx_tim.o(.text)
    TIM_RemapConfig                          0x08002169   Thumb Code     6  stm32f4xx_tim.o(.text)
    USART_DeInit                             0x08002171   Thumb Code   206  stm32f4xx_usart.o(.text)
    USART_Init                               0x0800223f   Thumb Code   204  stm32f4xx_usart.o(.text)
    USART_StructInit                         0x0800230b   Thumb Code    24  stm32f4xx_usart.o(.text)
    USART_ClockInit                          0x08002323   Thumb Code    32  stm32f4xx_usart.o(.text)
    USART_ClockStructInit                    0x08002343   Thumb Code    12  stm32f4xx_usart.o(.text)
    USART_Cmd                                0x0800234f   Thumb Code    24  stm32f4xx_usart.o(.text)
    USART_SetPrescaler                       0x08002367   Thumb Code    16  stm32f4xx_usart.o(.text)
    USART_OverSampling8Cmd                   0x08002377   Thumb Code    22  stm32f4xx_usart.o(.text)
    USART_OneBitMethodCmd                    0x0800238d   Thumb Code    24  stm32f4xx_usart.o(.text)
    USART_SendData                           0x080023a5   Thumb Code     8  stm32f4xx_usart.o(.text)
    USART_ReceiveData                        0x080023ad   Thumb Code    10  stm32f4xx_usart.o(.text)
    USART_SetAddress                         0x080023b7   Thumb Code    18  stm32f4xx_usart.o(.text)
    USART_ReceiverWakeUpCmd                  0x080023c9   Thumb Code    24  stm32f4xx_usart.o(.text)
    USART_WakeUpConfig                       0x080023e1   Thumb Code    18  stm32f4xx_usart.o(.text)
    USART_LINBreakDetectLengthConfig         0x080023f3   Thumb Code    18  stm32f4xx_usart.o(.text)
    USART_LINCmd                             0x08002405   Thumb Code    24  stm32f4xx_usart.o(.text)
    USART_SendBreak                          0x0800241d   Thumb Code    10  stm32f4xx_usart.o(.text)
    USART_HalfDuplexCmd                      0x08002427   Thumb Code    24  stm32f4xx_usart.o(.text)
    USART_SetGuardTime                       0x0800243f   Thumb Code    16  stm32f4xx_usart.o(.text)
    USART_SmartCardCmd                       0x0800244f   Thumb Code    24  stm32f4xx_usart.o(.text)
    USART_SmartCardNACKCmd                   0x08002467   Thumb Code    24  stm32f4xx_usart.o(.text)
    USART_IrDAConfig                         0x0800247f   Thumb Code    18  stm32f4xx_usart.o(.text)
    USART_IrDACmd                            0x08002491   Thumb Code    24  stm32f4xx_usart.o(.text)
    USART_DMACmd                             0x080024a9   Thumb Code    18  stm32f4xx_usart.o(.text)
    USART_ITConfig                           0x080024bb   Thumb Code    74  stm32f4xx_usart.o(.text)
    USART_GetFlagStatus                      0x08002505   Thumb Code    26  stm32f4xx_usart.o(.text)
    USART_ClearFlag                          0x0800251f   Thumb Code    18  stm32f4xx_usart.o(.text)
    USART_GetITStatus                        0x08002531   Thumb Code   118  stm32f4xx_usart.o(.text)
    USART_ClearITPendingBit                  0x080025a7   Thumb Code    30  stm32f4xx_usart.o(.text)
    delay_init                               0x080025c5   Thumb Code    52  delay.o(.text)
    delay_us                                 0x080025f9   Thumb Code    72  delay.o(.text)
    delay_xms                                0x08002641   Thumb Code    72  delay.o(.text)
    delay_ms                                 0x08002689   Thumb Code    56  delay.o(.text)
    _sys_exit                                0x080026c9   Thumb Code     4  usart.o(.text)
    fputc                                    0x080026cd   Thumb Code    22  usart.o(.text)
    uart_init                                0x080026e3   Thumb Code   164  usart.o(.text)
    USART1_SendChar                          0x08002787   Thumb Code    28  usart.o(.text)
    Encoder_Init_TIM8                        0x080027ad   Thumb Code   162  encoder.o(.text)
    Encoder_Init_TIM5                        0x0800284f   Thumb Code   164  encoder.o(.text)
    Encoder_Init_TIM4                        0x080028f3   Thumb Code   166  encoder.o(.text)
    Encoder_Init_TIM3                        0x08002999   Thumb Code   162  encoder.o(.text)
    Encoder_Init                             0x08002a3b   Thumb Code    48  encoder.o(.text)
    Read_Encoder                             0x08002a6b   Thumb Code   132  encoder.o(.text)
    Initialization                           0x08002b0d   Thumb Code    64  prepare.o(.text)
    LED_Init                                 0x08002b4d   Thumb Code    60  led.o(.text)
    LCD_WR_REG                               0x08002b8d   Thumb Code    18  lcd.o(.text)
    LCD_WR_DATA                              0x08002b9f   Thumb Code    20  lcd.o(.text)
    LCD_RD_DATA                              0x08002bb3   Thumb Code    16  lcd.o(.text)
    LCD_WriteReg                             0x08002bc3   Thumb Code    14  lcd.o(.text)
    LCD_ReadReg                              0x08002bd1   Thumb Code    22  lcd.o(.text)
    LCD_WriteRAM_Prepare                     0x08002be7   Thumb Code    10  lcd.o(.text)
    LCD_WriteRAM                             0x08002bf1   Thumb Code     8  lcd.o(.text)
    LCD_BGR2RGB                              0x08002bf9   Thumb Code    26  lcd.o(.text)
    opt_delay                                0x08002c13   Thumb Code    14  lcd.o(.text)
    LCD_SetCursor                            0x08002c21   Thumb Code   418  lcd.o(.text)
    LCD_ReadPoint                            0x08002dc3   Thumb Code   360  lcd.o(.text)
    LCD_DisplayOn                            0x08002f2b   Thumb Code   102  lcd.o(.text)
    LCD_DisplayOff                           0x08002f91   Thumb Code    90  lcd.o(.text)
    LCD_Scan_Dir                             0x08002feb   Thumb Code   744  lcd.o(.text)
    LCD_DrawPoint                            0x080032d3   Thumb Code    28  lcd.o(.text)
    LCD_Fast_DrawPoint                       0x080032ef   Thumb Code   388  lcd.o(.text)
    LCD_SSD_BackLightSet                     0x08003473   Thumb Code    88  lcd.o(.text)
    LCD_Display_Dir                          0x080034cb   Thumb Code   444  lcd.o(.text)
    LCD_Set_Window                           0x08003687   Thumb Code   546  lcd.o(.text)
    LCD_Clear                                0x080038a9   Thumb Code   100  lcd.o(.text)
    LCD_Init                                 0x0800390d   Thumb Code 14668  lcd.o(.text)
    LCD_Fill                                 0x08007259   Thumb Code   180  lcd.o(.text)
    LCD_Color_Fill                           0x0800730d   Thumb Code   100  lcd.o(.text)
    LCD_DrawLine                             0x08007371   Thumb Code   176  lcd.o(.text)
    LCD_DrawRectangle                        0x08007421   Thumb Code    60  lcd.o(.text)
    LCD_Draw_Circle                          0x0800745d   Thumb Code   152  lcd.o(.text)
    LCD_ShowChar                             0x080074f5   Thumb Code   272  lcd.o(.text)
    LCD_Pow                                  0x08007605   Thumb Code    22  lcd.o(.text)
    LCD_ShowNum                              0x0800761b   Thumb Code   148  lcd.o(.text)
    LCD_ShowxNum                             0x080076af   Thumb Code   220  lcd.o(.text)
    LCD_ShowString                           0x0800778b   Thumb Code   102  lcd.o(.text)
    Clear_accumulation                       0x080077f1   Thumb Code    34  pid.o(.text)
    Incremental_PID                          0x08007813   Thumb Code   150  pid.o(.text)
    PS2_Init                                 0x080078ad   Thumb Code   126  pstwo.o(.text)
    PS2_ReadData                             0x0800792b   Thumb Code   112  pstwo.o(.text)
    PS2_ClearData                            0x0800799b   Thumb Code    20  pstwo.o(.text)
    PS2_DataKey                              0x080079af   Thumb Code   110  pstwo.o(.text)
    PS2_AnologData                           0x08007a1d   Thumb Code     8  pstwo.o(.text)
    app_ps2_deal                             0x08007a25   Thumb Code    30  pstwo.o(.text)
    PWM_Init                                 0x08007a61   Thumb Code   330  motor.o(.text)
    Motor_Init                               0x08007bab   Thumb Code    72  motor.o(.text)
    Motor_PWM_Init                           0x08007bf3   Thumb Code    20  motor.o(.text)
    Set_Pwm                                  0x08007c07   Thumb Code   212  motor.o(.text)
    Set_Speed                                0x08007cdb   Thumb Code   106  motor.o(.text)
    Get_Encoder                              0x08007d45   Thumb Code    84  motor.o(.text)
    Get_Pwm_Set                              0x08007d99   Thumb Code    88  motor.o(.text)
    Clear_PWM                                0x08007df1   Thumb Code    28  motor.o(.text)
    Get_Speed                                0x08007e0d   Thumb Code   200  motor.o(.text)
    Speed_Transformation                     0x08007ed5   Thumb Code   236  motor.o(.text)
    Speed_Inverse_Transformation             0x08007fc1   Thumb Code    66  motor.o(.text)
    Run_Spend                                0x08008003   Thumb Code    58  motor.o(.text)
    RPI_Uart_Init                            0x0800805d   Thumb Code    12  communication.o(.text)
    RPI_Send                                 0x08008069   Thumb Code    48  communication.o(.text)
    USART1_IRQHandler                        0x08008099   Thumb Code   134  communication.o(.text)
    Acquisition_Init                         0x0800813d   Thumb Code    88  timer.o(.text)
    TIM7_IRQHandler                          0x08008195   Thumb Code    28  timer.o(.text)
    Remote_control                           0x080081b5   Thumb Code   338  control.o(.text)
    __use_two_region_memory                  0x08008325   Thumb Code     2  heapauxi.o(.text)
    __rt_heap_escrow$2region                 0x08008327   Thumb Code     2  heapauxi.o(.text)
    __rt_heap_expand$2region                 0x08008329   Thumb Code     2  heapauxi.o(.text)
    __user_setup_stackheap                   0x0800832b   Thumb Code    74  sys_stackheap_outer.o(.text)
    exit                                     0x08008375   Thumb Code    18  exit.o(.text)
    __user_libspace                          0x08008389   Thumb Code     8  libspace.o(.text)
    __user_perproc_libspace                  0x08008389   Thumb Code     0  libspace.o(.text)
    __user_perthread_libspace                0x08008389   Thumb Code     0  libspace.o(.text)
    __aeabi_dneg                             0x08008391   Thumb Code     0  basic.o(x$fpl$basic)
    _dneg                                    0x08008391   Thumb Code     6  basic.o(x$fpl$basic)
    __aeabi_fneg                             0x08008397   Thumb Code     0  basic.o(x$fpl$basic)
    _fneg                                    0x08008397   Thumb Code     6  basic.o(x$fpl$basic)
    _dabs                                    0x0800839d   Thumb Code     6  basic.o(x$fpl$basic)
    _fabs                                    0x080083a3   Thumb Code     6  basic.o(x$fpl$basic)
    __aeabi_d2f                              0x080083a9   Thumb Code     0  d2f.o(x$fpl$d2f)
    _d2f                                     0x080083a9   Thumb Code    98  d2f.o(x$fpl$d2f)
    __aeabi_dadd                             0x0800840d   Thumb Code     0  daddsub_clz.o(x$fpl$dadd)
    _dadd                                    0x0800840d   Thumb Code   332  daddsub_clz.o(x$fpl$dadd)
    __aeabi_ddiv                             0x0800855d   Thumb Code     0  ddiv.o(x$fpl$ddiv)
    _ddiv                                    0x0800855d   Thumb Code   552  ddiv.o(x$fpl$ddiv)
    __aeabi_d2uiz                            0x0800880d   Thumb Code     0  dfixu.o(x$fpl$dfixu)
    _dfixu                                   0x0800880d   Thumb Code    90  dfixu.o(x$fpl$dfixu)
    __aeabi_i2d                              0x08008867   Thumb Code     0  dflt_clz.o(x$fpl$dflt)
    _dflt                                    0x08008867   Thumb Code    46  dflt_clz.o(x$fpl$dflt)
    __aeabi_ui2d                             0x08008895   Thumb Code     0  dflt_clz.o(x$fpl$dfltu)
    _dfltu                                   0x08008895   Thumb Code    38  dflt_clz.o(x$fpl$dfltu)
    __aeabi_dmul                             0x080088bd   Thumb Code     0  dmul.o(x$fpl$dmul)
    _dmul                                    0x080088bd   Thumb Code   332  dmul.o(x$fpl$dmul)
    __fpl_dnaninf                            0x08008a11   Thumb Code   156  dnaninf.o(x$fpl$dnaninf)
    __fpl_dretinf                            0x08008aad   Thumb Code    12  dretinf.o(x$fpl$dretinf)
    __aeabi_dsub                             0x08008ab9   Thumb Code     0  daddsub_clz.o(x$fpl$dsub)
    _dsub                                    0x08008ab9   Thumb Code   464  daddsub_clz.o(x$fpl$dsub)
    _fp_init                                 0x08008c8d   Thumb Code    10  fpinit.o(x$fpl$fpinit)
    __fplib_config_fpu_vfp                   0x08008c95   Thumb Code     0  fpinit.o(x$fpl$fpinit)
    __fplib_config_pureend_doubles           0x08008c95   Thumb Code     0  fpinit.o(x$fpl$fpinit)
    __fpl_fretinf                            0x08008c97   Thumb Code    10  fretinf.o(x$fpl$fretinf)
    FSMC_DefaultTimingStruct                 0x08008ca0   Data          28  stm32f4xx_fsmc.o(.constdata)
    __I$use$fp                               0x08008ca0   Number         0  usenofp.o(x$fpl$usenofp)
    asc2_1206                                0x08008cbc   Data        1140  lcd.o(.constdata)
    asc2_1608                                0x08009130   Data        1520  lcd.o(.constdata)
    asc2_2412                                0x08009720   Data        3420  lcd.o(.constdata)
    Region$$Table$$Base                      0x0800a47c   Number         0  anon$$obj.o(Region$$Table)
    Region$$Table$$Limit                     0x0800a49c   Number         0  anon$$obj.o(Region$$Table)
    SystemCoreClock                          0x20000000   Data           4  system_stm32f4xx.o(.data)
    AHBPrescTable                            0x20000004   Data          16  system_stm32f4xx.o(.data)
    POINT_COLOR                              0x20000028   Data           2  lcd.o(.data)
    BACK_COLOR                               0x2000002a   Data           2  lcd.o(.data)
    Handkey                                  0x2000002c   Data           2  pstwo.o(.data)
    Comd                                     0x2000002e   Data           2  pstwo.o(.data)
    scan                                     0x20000030   Data           9  pstwo.o(.data)
    MASK                                     0x2000003a   Data          40  pstwo.o(.data)
    wheel1_pid                               0x20000064   Data          44  motor.o(.data)
    wheel2_pid                               0x20000090   Data          44  motor.o(.data)
    wheel3_pid                               0x200000bc   Data          44  motor.o(.data)
    wheel4_pid                               0x200000e8   Data          44  motor.o(.data)
    Wheel_Speed_L                            0x20000114   Data           4  motor.o(.data)
    Wheel_Speed_R                            0x20000118   Data           4  motor.o(.data)
    Wheel_Speed_Target_L                     0x2000011c   Data           4  motor.o(.data)
    Wheel_Speed_Target_R                     0x20000120   Data           4  motor.o(.data)
    Vx                                       0x20000124   Data           4  motor.o(.data)
    Vz                                       0x20000128   Data           4  motor.o(.data)
    RX_Error                                 0x2000012c   Data           1  communication.o(.data)
    Rcount                                   0x2000012d   Data           1  communication.o(.data)
    lcddev                                   0x20000130   Data          14  lcd.o(.bss)
    Data                                     0x2000013e   Data           9  pstwo.o(.bss)
    Send_Data                                0x20000148   Data          32  communication.o(.bss)
    Recive_Data                              0x20000168   Data          32  communication.o(.bss)
    __libspace_start                         0x20000188   Data          96  libspace.o(.bss)
    __temporary_stack_top$libspace           0x200001e8   Data           0  libspace.o(.bss)



==============================================================================

Memory Map of the image

  Image Entry point : 0x08000189

  Load Region LR_IROM1 (Base: 0x08000000, Size: 0x0000a5cc, Max: 0x00100000, ABSOLUTE, COMPRESSED[0x0000a4f8])

    Execution Region ER_IROM1 (Exec base: 0x08000000, Load base: 0x08000000, Size: 0x0000a49c, Max: 0x00100000, ABSOLUTE)

    Exec Addr    Load Addr    Size         Type   Attr      Idx    E Section Name        Object

    0x08000000   0x08000000   0x00000188   Data   RO          336    RESET               startup_stm32f40_41xxx.o
    0x08000188   0x08000188   0x00000008   Code   RO         1431  * !!!main             c_w.l(__main.o)
    0x08000190   0x08000190   0x00000034   Code   RO         1621    !!!scatter          c_w.l(__scatter.o)
    0x080001c4   0x080001c4   0x0000005a   Code   RO         1619    !!dczerorl2         c_w.l(__dczerorl2.o)
    0x0800021e   0x0800021e   0x00000002   PAD
    0x08000220   0x08000220   0x0000001c   Code   RO         1623    !!handler_zi        c_w.l(__scatter_zi.o)
    0x0800023c   0x0800023c   0x00000002   Code   RO         1491    .ARM.Collect$$libinit$$00000000  c_w.l(libinit.o)
    0x0800023e   0x0800023e   0x00000004   Code   RO         1497    .ARM.Collect$$libinit$$00000001  c_w.l(libinit2.o)
    0x08000242   0x08000242   0x00000000   Code   RO         1500    .ARM.Collect$$libinit$$00000004  c_w.l(libinit2.o)
    0x08000242   0x08000242   0x00000000   Code   RO         1503    .ARM.Collect$$libinit$$0000000A  c_w.l(libinit2.o)
    0x08000242   0x08000242   0x00000000   Code   RO         1505    .ARM.Collect$$libinit$$0000000C  c_w.l(libinit2.o)
    0x08000242   0x08000242   0x00000000   Code   RO         1507    .ARM.Collect$$libinit$$0000000E  c_w.l(libinit2.o)
    0x08000242   0x08000242   0x00000000   Code   RO         1510    .ARM.Collect$$libinit$$00000011  c_w.l(libinit2.o)
    0x08000242   0x08000242   0x00000000   Code   RO         1512    .ARM.Collect$$libinit$$00000013  c_w.l(libinit2.o)
    0x08000242   0x08000242   0x00000000   Code   RO         1514    .ARM.Collect$$libinit$$00000015  c_w.l(libinit2.o)
    0x08000242   0x08000242   0x00000000   Code   RO         1516    .ARM.Collect$$libinit$$00000017  c_w.l(libinit2.o)
    0x08000242   0x08000242   0x00000000   Code   RO         1518    .ARM.Collect$$libinit$$00000019  c_w.l(libinit2.o)
    0x08000242   0x08000242   0x00000000   Code   RO         1520    .ARM.Collect$$libinit$$0000001B  c_w.l(libinit2.o)
    0x08000242   0x08000242   0x00000000   Code   RO         1522    .ARM.Collect$$libinit$$0000001D  c_w.l(libinit2.o)
    0x08000242   0x08000242   0x00000000   Code   RO         1524    .ARM.Collect$$libinit$$0000001F  c_w.l(libinit2.o)
    0x08000242   0x08000242   0x00000000   Code   RO         1526    .ARM.Collect$$libinit$$00000021  c_w.l(libinit2.o)
    0x08000242   0x08000242   0x00000000   Code   RO         1528    .ARM.Collect$$libinit$$00000023  c_w.l(libinit2.o)
    0x08000242   0x08000242   0x00000000   Code   RO         1530    .ARM.Collect$$libinit$$00000025  c_w.l(libinit2.o)
    0x08000242   0x08000242   0x00000000   Code   RO         1534    .ARM.Collect$$libinit$$0000002C  c_w.l(libinit2.o)
    0x08000242   0x08000242   0x00000000   Code   RO         1536    .ARM.Collect$$libinit$$0000002E  c_w.l(libinit2.o)
    0x08000242   0x08000242   0x00000000   Code   RO         1538    .ARM.Collect$$libinit$$00000030  c_w.l(libinit2.o)
    0x08000242   0x08000242   0x00000000   Code   RO         1540    .ARM.Collect$$libinit$$00000032  c_w.l(libinit2.o)
    0x08000242   0x08000242   0x00000002   Code   RO         1541    .ARM.Collect$$libinit$$00000033  c_w.l(libinit2.o)
    0x08000244   0x08000244   0x00000002   Code   RO         1559    .ARM.Collect$$libshutdown$$00000000  c_w.l(libshutdown.o)
    0x08000246   0x08000246   0x00000000   Code   RO         1569    .ARM.Collect$$libshutdown$$00000002  c_w.l(libshutdown2.o)
    0x08000246   0x08000246   0x00000000   Code   RO         1571    .ARM.Collect$$libshutdown$$00000004  c_w.l(libshutdown2.o)
    0x08000246   0x08000246   0x00000000   Code   RO         1574    .ARM.Collect$$libshutdown$$00000007  c_w.l(libshutdown2.o)
    0x08000246   0x08000246   0x00000000   Code   RO         1577    .ARM.Collect$$libshutdown$$0000000A  c_w.l(libshutdown2.o)
    0x08000246   0x08000246   0x00000000   Code   RO         1579    .ARM.Collect$$libshutdown$$0000000C  c_w.l(libshutdown2.o)
    0x08000246   0x08000246   0x00000000   Code   RO         1582    .ARM.Collect$$libshutdown$$0000000F  c_w.l(libshutdown2.o)
    0x08000246   0x08000246   0x00000002   Code   RO         1583    .ARM.Collect$$libshutdown$$00000010  c_w.l(libshutdown2.o)
    0x08000248   0x08000248   0x00000000   Code   RO         1459    .ARM.Collect$$rtentry$$00000000  c_w.l(__rtentry.o)
    0x08000248   0x08000248   0x00000000   Code   RO         1468    .ARM.Collect$$rtentry$$00000002  c_w.l(__rtentry2.o)
    0x08000248   0x08000248   0x00000006   Code   RO         1480    .ARM.Collect$$rtentry$$00000004  c_w.l(__rtentry4.o)
    0x0800024e   0x0800024e   0x00000000   Code   RO         1470    .ARM.Collect$$rtentry$$00000009  c_w.l(__rtentry2.o)
    0x0800024e   0x0800024e   0x00000004   Code   RO         1471    .ARM.Collect$$rtentry$$0000000A  c_w.l(__rtentry2.o)
    0x08000252   0x08000252   0x00000000   Code   RO         1473    .ARM.Collect$$rtentry$$0000000C  c_w.l(__rtentry2.o)
    0x08000252   0x08000252   0x00000008   Code   RO         1474    .ARM.Collect$$rtentry$$0000000D  c_w.l(__rtentry2.o)
    0x0800025a   0x0800025a   0x00000002   Code   RO         1495    .ARM.Collect$$rtexit$$00000000  c_w.l(rtexit.o)
    0x0800025c   0x0800025c   0x00000000   Code   RO         1543    .ARM.Collect$$rtexit$$00000002  c_w.l(rtexit2.o)
    0x0800025c   0x0800025c   0x00000004   Code   RO         1544    .ARM.Collect$$rtexit$$00000003  c_w.l(rtexit2.o)
    0x08000260   0x08000260   0x00000006   Code   RO         1545    .ARM.Collect$$rtexit$$00000004  c_w.l(rtexit2.o)
    0x08000266   0x08000266   0x00000002   PAD
    0x08000268   0x08000268   0x00000060   Code   RO            3    .text               main.o
    0x080002c8   0x080002c8   0x0000001a   Code   RO          186    .text               stm32f4xx_it.o
    0x080002e2   0x080002e2   0x00000002   PAD
    0x080002e4   0x080002e4   0x00000210   Code   RO          310    .text               system_stm32f4xx.o
    0x080004f4   0x080004f4   0x00000040   Code   RO          337    .text               startup_stm32f40_41xxx.o
    0x08000534   0x08000534   0x000000e0   Code   RO          343    .text               misc.o
    0x08000614   0x08000614   0x000005c8   Code   RO          695    .text               stm32f4xx_fsmc.o
    0x08000bdc   0x08000bdc   0x00000294   Code   RO          718    .text               stm32f4xx_gpio.o
    0x08000e70   0x08000e70   0x0000065c   Code   RO          881    .text               stm32f4xx_rcc.o
    0x080014cc   0x080014cc   0x00000ca2   Code   RO         1026    .text               stm32f4xx_tim.o
    0x0800216e   0x0800216e   0x00000002   PAD
    0x08002170   0x08002170   0x00000454   Code   RO         1046    .text               stm32f4xx_usart.o
    0x080025c4   0x080025c4   0x00000104   Code   RO         1086    .text               delay.o
    0x080026c8   0x080026c8   0x000000e4   Code   RO         1132    .text               usart.o
    0x080027ac   0x080027ac   0x00000360   Code   RO         1162    .text               encoder.o
    0x08002b0c   0x08002b0c   0x00000040   Code   RO         1185    .text               prepare.o
    0x08002b4c   0x08002b4c   0x00000040   Code   RO         1229    .text               led.o
    0x08002b8c   0x08002b8c   0x00004c64   Code   RO         1252    .text               lcd.o
    0x080077f0   0x080077f0   0x000000bc   Code   RO         1283    .text               pid.o
    0x080078ac   0x080078ac   0x000001b4   Code   RO         1306    .text               pstwo.o
    0x08007a60   0x08007a60   0x000005fc   Code   RO         1336    .text               motor.o
    0x0800805c   0x0800805c   0x000000e0   Code   RO         1362    .text               communication.o
    0x0800813c   0x0800813c   0x00000078   Code   RO         1389    .text               timer.o
    0x080081b4   0x080081b4   0x00000170   Code   RO         1409    .text               control.o
    0x08008324   0x08008324   0x00000006   Code   RO         1429    .text               c_w.l(heapauxi.o)
    0x0800832a   0x0800832a   0x0000004a   Code   RO         1482    .text               c_w.l(sys_stackheap_outer.o)
    0x08008374   0x08008374   0x00000012   Code   RO         1484    .text               c_w.l(exit.o)
    0x08008386   0x08008386   0x00000002   PAD
    0x08008388   0x08008388   0x00000008   Code   RO         1492    .text               c_w.l(libspace.o)
    0x08008390   0x08008390   0x00000018   Code   RO         1433    x$fpl$basic         fz_wm.l(basic.o)
    0x080083a8   0x080083a8   0x00000062   Code   RO         1435    x$fpl$d2f           fz_wm.l(d2f.o)
    0x0800840a   0x0800840a   0x00000002   PAD
    0x0800840c   0x0800840c   0x00000150   Code   RO         1437    x$fpl$dadd          fz_wm.l(daddsub_clz.o)
    0x0800855c   0x0800855c   0x000002b0   Code   RO         1444    x$fpl$ddiv          fz_wm.l(ddiv.o)
    0x0800880c   0x0800880c   0x0000005a   Code   RO         1447    x$fpl$dfixu         fz_wm.l(dfixu.o)
    0x08008866   0x08008866   0x0000002e   Code   RO         1452    x$fpl$dflt          fz_wm.l(dflt_clz.o)
    0x08008894   0x08008894   0x00000026   Code   RO         1451    x$fpl$dfltu         fz_wm.l(dflt_clz.o)
    0x080088ba   0x080088ba   0x00000002   PAD
    0x080088bc   0x080088bc   0x00000154   Code   RO         1457    x$fpl$dmul          fz_wm.l(dmul.o)
    0x08008a10   0x08008a10   0x0000009c   Code   RO         1460    x$fpl$dnaninf       fz_wm.l(dnaninf.o)
    0x08008aac   0x08008aac   0x0000000c   Code   RO         1462    x$fpl$dretinf       fz_wm.l(dretinf.o)
    0x08008ab8   0x08008ab8   0x000001d4   Code   RO         1439    x$fpl$dsub          fz_wm.l(daddsub_clz.o)
    0x08008c8c   0x08008c8c   0x0000000a   Code   RO         1551    x$fpl$fpinit        fz_wm.l(fpinit.o)
    0x08008c96   0x08008c96   0x0000000a   Code   RO         1464    x$fpl$fretinf       fz_wm.l(fretinf.o)
    0x08008ca0   0x08008ca0   0x00000000   Code   RO         1466    x$fpl$usenofp       fz_wm.l(usenofp.o)
    0x08008ca0   0x08008ca0   0x0000001c   Data   RO          696    .constdata          stm32f4xx_fsmc.o
    0x08008cbc   0x08008cbc   0x000017c0   Data   RO         1254    .constdata          lcd.o
    0x0800a47c   0x0800a47c   0x00000020   Data   RO         1617    Region$$Table       anon$$obj.o


    Execution Region RW_IRAM1 (Exec base: 0x20000000, Load base: 0x0800a49c, Size: 0x000007e8, Max: 0x00020000, ABSOLUTE, COMPRESSED[0x0000005c])

    Exec Addr    Load Addr    Size         Type   Attr      Idx    E Section Name        Object

    0x20000000   COMPRESSED   0x00000014   Data   RW          311    .data               system_stm32f4xx.o
    0x20000014   COMPRESSED   0x00000010   Data   RW          882    .data               stm32f4xx_rcc.o
    0x20000024   COMPRESSED   0x00000004   Data   RW         1087    .data               delay.o
    0x20000028   COMPRESSED   0x00000004   Data   RW         1255    .data               lcd.o
    0x2000002c   COMPRESSED   0x00000036   Data   RW         1308    .data               pstwo.o
    0x20000062   COMPRESSED   0x00000002   PAD
    0x20000064   COMPRESSED   0x000000c8   Data   RW         1337    .data               motor.o
    0x2000012c   COMPRESSED   0x00000002   Data   RW         1364    .data               communication.o
    0x2000012e   COMPRESSED   0x00000002   PAD
    0x20000130        -       0x0000000e   Zero   RW         1253    .bss                lcd.o
    0x2000013e        -       0x00000009   Zero   RW         1307    .bss                pstwo.o
    0x20000147   COMPRESSED   0x00000001   PAD
    0x20000148        -       0x00000040   Zero   RW         1363    .bss                communication.o
    0x20000188        -       0x00000060   Zero   RW         1493    .bss                c_w.l(libspace.o)
    0x200001e8        -       0x00000200   Zero   RW          335    HEAP                startup_stm32f40_41xxx.o
    0x200003e8        -       0x00000400   Zero   RW          334    STACK               startup_stm32f40_41xxx.o


==============================================================================

Image component sizes


      Code (inc. data)   RO Data    RW Data    ZI Data      Debug   Object Name

       224         30          0          2         64       2091   communication.o
       368         30          0          0          0        773   control.o
       260          8          0          4          0       1445   delay.o
       864         30          0          0          0       2276   encoder.o
     19556        156       6080          4         14      22738   lcd.o
        64          4          0          0          0        507   led.o
        96          8          0          0          0     261227   main.o
       224         20          0          0          0     230889   misc.o
      1532        116          0        200          0       4045   motor.o
       188          4          0          0          0       1501   pid.o
        64          0          0          0          0        517   prepare.o
       436         30          0         54          9       4076   pstwo.o
        64         26        392          0       1536        816   startup_stm32f40_41xxx.o
      1480         18         28          0          0       5594   stm32f4xx_fsmc.o
       660         44          0          0          0       4121   stm32f4xx_gpio.o
        26          0          0          0          0      56874   stm32f4xx_it.o
      1628         52          0         16          0      12980   stm32f4xx_rcc.o
      3234         60          0          0          0      22980   stm32f4xx_tim.o
      1108         34          0          0          0       7848   stm32f4xx_usart.o
       528         46          0         20          0       1723   system_stm32f4xx.o
       120          4          0          0          0        819   timer.o
       228         10          0          0          0       2911   usart.o

    ----------------------------------------------------------------------
     32956        730       6532        304       1624     648751   Object Totals
         0          0         32          0          0          0   (incl. Generated)
         4          0          0          4          1          0   (incl. Padding)

    ----------------------------------------------------------------------

      Code (inc. data)   RO Data    RW Data    ZI Data      Debug   Library Member Name

        90          0          0          0          0          0   __dczerorl2.o
         8          0          0          0          0         68   __main.o
         0          0          0          0          0          0   __rtentry.o
        12          0          0          0          0          0   __rtentry2.o
         6          0          0          0          0          0   __rtentry4.o
        52          8          0          0          0          0   __scatter.o
        28          0          0          0          0          0   __scatter_zi.o
        18          0          0          0          0         80   exit.o
         6          0          0          0          0        152   heapauxi.o
         2          0          0          0          0          0   libinit.o
         6          0          0          0          0          0   libinit2.o
         2          0          0          0          0          0   libshutdown.o
         2          0          0          0          0          0   libshutdown2.o
         8          4          0          0         96         68   libspace.o
         2          0          0          0          0          0   rtexit.o
        10          0          0          0          0          0   rtexit2.o
        74          0          0          0          0         80   sys_stackheap_outer.o
        24          0          0          0          0        164   basic.o
        98          4          0          0          0        140   d2f.o
       804         16          0          0          0        368   daddsub_clz.o
       688        140          0          0          0        256   ddiv.o
        90          4          0          0          0        140   dfixu.o
        84          0          0          0          0        232   dflt_clz.o
       340         12          0          0          0        152   dmul.o
       156          4          0          0          0        140   dnaninf.o
        12          0          0          0          0        116   dretinf.o
        10          0          0          0          0        116   fpinit.o
        10          0          0          0          0        116   fretinf.o
         0          0          0          0          0          0   usenofp.o

    ----------------------------------------------------------------------
      2652        192          0          0         96       2388   Library Totals
        10          0          0          0          0          0   (incl. Padding)

    ----------------------------------------------------------------------

      Code (inc. data)   RO Data    RW Data    ZI Data      Debug   Library Name

       326         12          0          0         96        448   c_w.l
      2316        180          0          0          0       1940   fz_wm.l

    ----------------------------------------------------------------------
      2652        192          0          0         96       2388   Library Totals

    ----------------------------------------------------------------------

==============================================================================


      Code (inc. data)   RO Data    RW Data    ZI Data      Debug   

     35608        922       6532        304       1720     645787   Grand Totals
     35608        922       6532         92       1720     645787   ELF Image Totals (compressed)
     35608        922       6532         92          0          0   ROM Totals

==============================================================================

    Total RO  Size (Code + RO Data)                42140 (  41.15kB)
    Total RW  Size (RW Data + ZI Data)              2024 (   1.98kB)
    Total ROM Size (Code + RO Data + RW Data)      42232 (  41.24kB)

==============================================================================

